mugshot_frontal_cropped_all/001_frontal.JPG 0
mugshot_frontal_cropped_all/002_frontal.JPG 1
mugshot_frontal_cropped_all/003_frontal.JPG 2
mugshot_frontal_cropped_all/004_frontal.JPG 3
mugshot_frontal_cropped_all/005_frontal.JPG 4
mugshot_frontal_cropped_all/006_frontal.JPG 5
mugshot_frontal_cropped_all/007_frontal.JPG 6
mugshot_frontal_cropped_all/008_frontal.JPG 7
mugshot_frontal_cropped_all/009_frontal.JPG 8
mugshot_frontal_cropped_all/010_frontal.JPG 9
mugshot_frontal_cropped_all/011_frontal.JPG 10
mugshot_frontal_cropped_all/012_frontal.JPG 11
mugshot_frontal_cropped_all/013_frontal.JPG 12
mugshot_frontal_cropped_all/014_frontal.JPG 13
mugshot_frontal_cropped_all/015_frontal.JPG 14
mugshot_frontal_cropped_all/016_frontal.JPG 15
mugshot_frontal_cropped_all/017_frontal.JPG 16
mugshot_frontal_cropped_all/018_frontal.JPG 17
mugshot_frontal_cropped_all/019_frontal.JPG 18
mugshot_frontal_cropped_all/020_frontal.JPG 19
mugshot_frontal_cropped_all/021_frontal.JPG 20
mugshot_frontal_cropped_all/022_frontal.JPG 21
mugshot_frontal_cropped_all/023_frontal.JPG 22
mugshot_frontal_cropped_all/024_frontal.JPG 23
mugshot_frontal_cropped_all/025_frontal.JPG 24
mugshot_frontal_cropped_all/026_frontal.JPG 25
mugshot_frontal_cropped_all/027_frontal.JPG 26
mugshot_frontal_cropped_all/028_frontal.JPG 27
mugshot_frontal_cropped_all/029_frontal.JPG 28
mugshot_frontal_cropped_all/030_frontal.JPG 29
mugshot_frontal_cropped_all/031_frontal.JPG 30
mugshot_frontal_cropped_all/032_frontal.JPG 31
mugshot_frontal_cropped_all/033_frontal.JPG 32
mugshot_frontal_cropped_all/034_frontal.JPG 33
mugshot_frontal_cropped_all/035_frontal.JPG 34
mugshot_frontal_cropped_all/036_frontal.JPG 35
mugshot_frontal_cropped_all/037_frontal.JPG 36
mugshot_frontal_cropped_all/038_frontal.JPG 37
mugshot_frontal_cropped_all/039_frontal.JPG 38
mugshot_frontal_cropped_all/040_frontal.JPG 39
mugshot_frontal_cropped_all/041_frontal.JPG 40
mugshot_frontal_cropped_all/042_frontal.JPG 41
mugshot_frontal_cropped_all/043_frontal.JPG 42
