surveillance_cameras_distance_1/cam_1/001_cam1_1.jpg 0
surveillance_cameras_distance_1/cam_1/002_cam1_1.jpg 1
surveillance_cameras_distance_1/cam_1/003_cam1_1.jpg 2
surveillance_cameras_distance_1/cam_1/004_cam1_1.jpg 3
surveillance_cameras_distance_1/cam_1/005_cam1_1.jpg 4
surveillance_cameras_distance_1/cam_1/006_cam1_1.jpg 5
surveillance_cameras_distance_1/cam_1/007_cam1_1.jpg 6
surveillance_cameras_distance_1/cam_1/008_cam1_1.jpg 7
surveillance_cameras_distance_1/cam_1/009_cam1_1.jpg 8
surveillance_cameras_distance_1/cam_1/010_cam1_1.jpg 9
surveillance_cameras_distance_1/cam_1/011_cam1_1.jpg 10
surveillance_cameras_distance_1/cam_1/012_cam1_1.jpg 11
surveillance_cameras_distance_1/cam_1/013_cam1_1.jpg 12
surveillance_cameras_distance_1/cam_1/014_cam1_1.jpg 13
surveillance_cameras_distance_1/cam_1/015_cam1_1.jpg 14
surveillance_cameras_distance_1/cam_1/016_cam1_1.jpg 15
surveillance_cameras_distance_1/cam_1/017_cam1_1.jpg 16
surveillance_cameras_distance_1/cam_1/018_cam1_1.jpg 17
surveillance_cameras_distance_1/cam_1/019_cam1_1.jpg 18
surveillance_cameras_distance_1/cam_1/020_cam1_1.jpg 19
surveillance_cameras_distance_1/cam_1/021_cam1_1.jpg 20
surveillance_cameras_distance_1/cam_1/022_cam1_1.jpg 21
surveillance_cameras_distance_1/cam_1/023_cam1_1.jpg 22
surveillance_cameras_distance_1/cam_1/024_cam1_1.jpg 23
surveillance_cameras_distance_1/cam_1/025_cam1_1.jpg 24
surveillance_cameras_distance_1/cam_1/026_cam1_1.jpg 25
surveillance_cameras_distance_1/cam_1/027_cam1_1.jpg 26
surveillance_cameras_distance_1/cam_1/028_cam1_1.jpg 27
surveillance_cameras_distance_1/cam_1/029_cam1_1.jpg 28
surveillance_cameras_distance_1/cam_1/030_cam1_1.jpg 29
surveillance_cameras_distance_1/cam_1/031_cam1_1.jpg 30
surveillance_cameras_distance_1/cam_1/032_cam1_1.jpg 31
surveillance_cameras_distance_1/cam_1/033_cam1_1.jpg 32
surveillance_cameras_distance_1/cam_1/034_cam1_1.jpg 33
surveillance_cameras_distance_1/cam_1/035_cam1_1.jpg 34
surveillance_cameras_distance_1/cam_1/036_cam1_1.jpg 35
surveillance_cameras_distance_1/cam_1/037_cam1_1.jpg 36
surveillance_cameras_distance_1/cam_1/038_cam1_1.jpg 37
surveillance_cameras_distance_1/cam_1/039_cam1_1.jpg 38
surveillance_cameras_distance_1/cam_1/040_cam1_1.jpg 39
surveillance_cameras_distance_1/cam_1/041_cam1_1.jpg 40
surveillance_cameras_distance_1/cam_1/042_cam1_1.jpg 41
surveillance_cameras_distance_1/cam_1/043_cam1_1.jpg 42
surveillance_cameras_distance_1/cam_2/001_cam2_1.jpg 0
surveillance_cameras_distance_1/cam_2/002_cam2_1.jpg 1
surveillance_cameras_distance_1/cam_2/003_cam2_1.jpg 2
surveillance_cameras_distance_1/cam_2/004_cam2_1.jpg 3
surveillance_cameras_distance_1/cam_2/005_cam2_1.jpg 4
surveillance_cameras_distance_1/cam_2/006_cam2_1.jpg 5
surveillance_cameras_distance_1/cam_2/007_cam2_1.jpg 6
surveillance_cameras_distance_1/cam_2/008_cam2_1.jpg 7
surveillance_cameras_distance_1/cam_2/009_cam2_1.jpg 8
surveillance_cameras_distance_1/cam_2/010_cam2_1.jpg 9
surveillance_cameras_distance_1/cam_2/011_cam2_1.jpg 10
surveillance_cameras_distance_1/cam_2/012_cam2_1.jpg 11
surveillance_cameras_distance_1/cam_2/013_cam2_1.jpg 12
surveillance_cameras_distance_1/cam_2/014_cam2_1.jpg 13
surveillance_cameras_distance_1/cam_2/015_cam2_1.jpg 14
surveillance_cameras_distance_1/cam_2/016_cam2_1.jpg 15
surveillance_cameras_distance_1/cam_2/017_cam2_1.jpg 16
surveillance_cameras_distance_1/cam_2/018_cam2_1.jpg 17
surveillance_cameras_distance_1/cam_2/019_cam2_1.jpg 18
surveillance_cameras_distance_1/cam_2/020_cam2_1.jpg 19
surveillance_cameras_distance_1/cam_2/021_cam2_1.jpg 20
surveillance_cameras_distance_1/cam_2/022_cam2_1.jpg 21
surveillance_cameras_distance_1/cam_2/023_cam2_1.jpg 22
surveillance_cameras_distance_1/cam_2/024_cam2_1.jpg 23
surveillance_cameras_distance_1/cam_2/025_cam2_1.jpg 24
surveillance_cameras_distance_1/cam_2/026_cam2_1.jpg 25
surveillance_cameras_distance_1/cam_2/027_cam2_1.jpg 26
surveillance_cameras_distance_1/cam_2/028_cam2_1.jpg 27
surveillance_cameras_distance_1/cam_2/029_cam2_1.jpg 28
surveillance_cameras_distance_1/cam_2/030_cam2_1.jpg 29
surveillance_cameras_distance_1/cam_2/031_cam2_1.jpg 30
surveillance_cameras_distance_1/cam_2/032_cam2_1.jpg 31
surveillance_cameras_distance_1/cam_2/033_cam2_1.jpg 32
surveillance_cameras_distance_1/cam_2/034_cam2_1.jpg 33
surveillance_cameras_distance_1/cam_2/035_cam2_1.jpg 34
surveillance_cameras_distance_1/cam_2/036_cam2_1.jpg 35
surveillance_cameras_distance_1/cam_2/037_cam2_1.jpg 36
surveillance_cameras_distance_1/cam_2/038_cam2_1.jpg 37
surveillance_cameras_distance_1/cam_2/039_cam2_1.jpg 38
surveillance_cameras_distance_1/cam_2/040_cam2_1.jpg 39
surveillance_cameras_distance_1/cam_2/041_cam2_1.jpg 40
surveillance_cameras_distance_1/cam_2/042_cam2_1.jpg 41
surveillance_cameras_distance_1/cam_2/043_cam2_1.jpg 42
surveillance_cameras_distance_1/cam_3/001_cam3_1.jpg 0
surveillance_cameras_distance_1/cam_3/002_cam3_1.jpg 1
surveillance_cameras_distance_1/cam_3/003_cam3_1.jpg 2
surveillance_cameras_distance_1/cam_3/004_cam3_1.jpg 3
surveillance_cameras_distance_1/cam_3/005_cam3_1.jpg 4
surveillance_cameras_distance_1/cam_3/006_cam3_1.jpg 5
surveillance_cameras_distance_1/cam_3/007_cam3_1.jpg 6
surveillance_cameras_distance_1/cam_3/008_cam3_1.jpg 7
surveillance_cameras_distance_1/cam_3/009_cam3_1.jpg 8
surveillance_cameras_distance_1/cam_3/010_cam3_1.jpg 9
surveillance_cameras_distance_1/cam_3/011_cam3_1.jpg 10
surveillance_cameras_distance_1/cam_3/012_cam3_1.jpg 11
surveillance_cameras_distance_1/cam_3/013_cam3_1.jpg 12
surveillance_cameras_distance_1/cam_3/014_cam3_1.jpg 13
surveillance_cameras_distance_1/cam_3/015_cam3_1.jpg 14
surveillance_cameras_distance_1/cam_3/016_cam3_1.jpg 15
surveillance_cameras_distance_1/cam_3/017_cam3_1.jpg 16
surveillance_cameras_distance_1/cam_3/018_cam3_1.jpg 17
surveillance_cameras_distance_1/cam_3/019_cam3_1.jpg 18
surveillance_cameras_distance_1/cam_3/020_cam3_1.jpg 19
surveillance_cameras_distance_1/cam_3/021_cam3_1.jpg 20
surveillance_cameras_distance_1/cam_3/022_cam3_1.jpg 21
surveillance_cameras_distance_1/cam_3/023_cam3_1.jpg 22
surveillance_cameras_distance_1/cam_3/024_cam3_1.jpg 23
surveillance_cameras_distance_1/cam_3/025_cam3_1.jpg 24
surveillance_cameras_distance_1/cam_3/026_cam3_1.jpg 25
surveillance_cameras_distance_1/cam_3/027_cam3_1.jpg 26
surveillance_cameras_distance_1/cam_3/028_cam3_1.jpg 27
surveillance_cameras_distance_1/cam_3/029_cam3_1.jpg 28
surveillance_cameras_distance_1/cam_3/030_cam3_1.jpg 29
surveillance_cameras_distance_1/cam_3/031_cam3_1.jpg 30
surveillance_cameras_distance_1/cam_3/032_cam3_1.jpg 31
surveillance_cameras_distance_1/cam_3/033_cam3_1.jpg 32
surveillance_cameras_distance_1/cam_3/034_cam3_1.jpg 33
surveillance_cameras_distance_1/cam_3/035_cam3_1.jpg 34
surveillance_cameras_distance_1/cam_3/036_cam3_1.jpg 35
surveillance_cameras_distance_1/cam_3/037_cam3_1.jpg 36
surveillance_cameras_distance_1/cam_3/038_cam3_1.jpg 37
surveillance_cameras_distance_1/cam_3/039_cam3_1.jpg 38
surveillance_cameras_distance_1/cam_3/040_cam3_1.jpg 39
surveillance_cameras_distance_1/cam_3/041_cam3_1.jpg 40
surveillance_cameras_distance_1/cam_3/042_cam3_1.jpg 41
surveillance_cameras_distance_1/cam_3/043_cam3_1.jpg 42
surveillance_cameras_distance_1/cam_4/001_cam4_1.jpg 0
surveillance_cameras_distance_1/cam_4/002_cam4_1.jpg 1
surveillance_cameras_distance_1/cam_4/003_cam4_1.jpg 2
surveillance_cameras_distance_1/cam_4/004_cam4_1.jpg 3
surveillance_cameras_distance_1/cam_4/005_cam4_1.jpg 4
surveillance_cameras_distance_1/cam_4/006_cam4_1.jpg 5
surveillance_cameras_distance_1/cam_4/007_cam4_1.jpg 6
surveillance_cameras_distance_1/cam_4/008_cam4_1.jpg 7
surveillance_cameras_distance_1/cam_4/009_cam4_1.jpg 8
surveillance_cameras_distance_1/cam_4/010_cam4_1.jpg 9
surveillance_cameras_distance_1/cam_4/011_cam4_1.jpg 10
surveillance_cameras_distance_1/cam_4/012_cam4_1.jpg 11
surveillance_cameras_distance_1/cam_4/013_cam4_1.jpg 12
surveillance_cameras_distance_1/cam_4/014_cam4_1.jpg 13
surveillance_cameras_distance_1/cam_4/015_cam4_1.jpg 14
surveillance_cameras_distance_1/cam_4/016_cam4_1.jpg 15
surveillance_cameras_distance_1/cam_4/017_cam4_1.jpg 16
surveillance_cameras_distance_1/cam_4/018_cam4_1.jpg 17
surveillance_cameras_distance_1/cam_4/019_cam4_1.jpg 18
surveillance_cameras_distance_1/cam_4/020_cam4_1.jpg 19
surveillance_cameras_distance_1/cam_4/021_cam4_1.jpg 20
surveillance_cameras_distance_1/cam_4/022_cam4_1.jpg 21
surveillance_cameras_distance_1/cam_4/023_cam4_1.jpg 22
surveillance_cameras_distance_1/cam_4/024_cam4_1.jpg 23
surveillance_cameras_distance_1/cam_4/025_cam4_1.jpg 24
surveillance_cameras_distance_1/cam_4/026_cam4_1.jpg 25
surveillance_cameras_distance_1/cam_4/027_cam4_1.jpg 26
surveillance_cameras_distance_1/cam_4/028_cam4_1.jpg 27
surveillance_cameras_distance_1/cam_4/029_cam4_1.jpg 28
surveillance_cameras_distance_1/cam_4/030_cam4_1.jpg 29
surveillance_cameras_distance_1/cam_4/031_cam4_1.jpg 30
surveillance_cameras_distance_1/cam_4/032_cam4_1.jpg 31
surveillance_cameras_distance_1/cam_4/033_cam4_1.jpg 32
surveillance_cameras_distance_1/cam_4/034_cam4_1.jpg 33
surveillance_cameras_distance_1/cam_4/035_cam4_1.jpg 34
surveillance_cameras_distance_1/cam_4/036_cam4_1.jpg 35
surveillance_cameras_distance_1/cam_4/037_cam4_1.jpg 36
surveillance_cameras_distance_1/cam_4/038_cam4_1.jpg 37
surveillance_cameras_distance_1/cam_4/039_cam4_1.jpg 38
surveillance_cameras_distance_1/cam_4/040_cam4_1.jpg 39
surveillance_cameras_distance_1/cam_4/041_cam4_1.jpg 40
surveillance_cameras_distance_1/cam_4/042_cam4_1.jpg 41
surveillance_cameras_distance_1/cam_4/043_cam4_1.jpg 42
surveillance_cameras_distance_1/cam_5/001_cam5_1.jpg 0
surveillance_cameras_distance_1/cam_5/002_cam5_1.jpg 1
surveillance_cameras_distance_1/cam_5/003_cam5_1.jpg 2
surveillance_cameras_distance_1/cam_5/004_cam5_1.jpg 3
surveillance_cameras_distance_1/cam_5/005_cam5_1.jpg 4
surveillance_cameras_distance_1/cam_5/006_cam5_1.jpg 5
surveillance_cameras_distance_1/cam_5/007_cam5_1.jpg 6
surveillance_cameras_distance_1/cam_5/008_cam5_1.jpg 7
surveillance_cameras_distance_1/cam_5/009_cam5_1.jpg 8
surveillance_cameras_distance_1/cam_5/010_cam5_1.jpg 9
surveillance_cameras_distance_1/cam_5/011_cam5_1.jpg 10
surveillance_cameras_distance_1/cam_5/012_cam5_1.jpg 11
surveillance_cameras_distance_1/cam_5/013_cam5_1.jpg 12
surveillance_cameras_distance_1/cam_5/014_cam5_1.jpg 13
surveillance_cameras_distance_1/cam_5/015_cam5_1.jpg 14
surveillance_cameras_distance_1/cam_5/016_cam5_1.jpg 15
surveillance_cameras_distance_1/cam_5/017_cam5_1.jpg 16
surveillance_cameras_distance_1/cam_5/018_cam5_1.jpg 17
surveillance_cameras_distance_1/cam_5/019_cam5_1.jpg 18
surveillance_cameras_distance_1/cam_5/020_cam5_1.jpg 19
surveillance_cameras_distance_1/cam_5/021_cam5_1.jpg 20
surveillance_cameras_distance_1/cam_5/022_cam5_1.jpg 21
surveillance_cameras_distance_1/cam_5/023_cam5_1.jpg 22
surveillance_cameras_distance_1/cam_5/024_cam5_1.jpg 23
surveillance_cameras_distance_1/cam_5/025_cam5_1.jpg 24
surveillance_cameras_distance_1/cam_5/026_cam5_1.jpg 25
surveillance_cameras_distance_1/cam_5/027_cam5_1.jpg 26
surveillance_cameras_distance_1/cam_5/028_cam5_1.jpg 27
surveillance_cameras_distance_1/cam_5/029_cam5_1.jpg 28
surveillance_cameras_distance_1/cam_5/030_cam5_1.jpg 29
surveillance_cameras_distance_1/cam_5/031_cam5_1.jpg 30
surveillance_cameras_distance_1/cam_5/032_cam5_1.jpg 31
surveillance_cameras_distance_1/cam_5/033_cam5_1.jpg 32
surveillance_cameras_distance_1/cam_5/034_cam5_1.jpg 33
surveillance_cameras_distance_1/cam_5/035_cam5_1.jpg 34
surveillance_cameras_distance_1/cam_5/036_cam5_1.jpg 35
surveillance_cameras_distance_1/cam_5/037_cam5_1.jpg 36
surveillance_cameras_distance_1/cam_5/038_cam5_1.jpg 37
surveillance_cameras_distance_1/cam_5/039_cam5_1.jpg 38
surveillance_cameras_distance_1/cam_5/040_cam5_1.jpg 39
surveillance_cameras_distance_1/cam_5/041_cam5_1.jpg 40
surveillance_cameras_distance_1/cam_5/042_cam5_1.jpg 41
surveillance_cameras_distance_1/cam_5/043_cam5_1.jpg 42
surveillance_cameras_distance_2/cam_1/001_cam1_2.jpg 0
surveillance_cameras_distance_2/cam_1/002_cam1_2.jpg 1
surveillance_cameras_distance_2/cam_1/003_cam1_2.jpg 2
surveillance_cameras_distance_2/cam_1/004_cam1_2.jpg 3
surveillance_cameras_distance_2/cam_1/005_cam1_2.jpg 4
surveillance_cameras_distance_2/cam_1/006_cam1_2.jpg 5
surveillance_cameras_distance_2/cam_1/007_cam1_2.jpg 6
surveillance_cameras_distance_2/cam_1/008_cam1_2.jpg 7
surveillance_cameras_distance_2/cam_1/009_cam1_2.jpg 8
surveillance_cameras_distance_2/cam_1/010_cam1_2.jpg 9
surveillance_cameras_distance_2/cam_1/011_cam1_2.jpg 10
surveillance_cameras_distance_2/cam_1/012_cam1_2.jpg 11
surveillance_cameras_distance_2/cam_1/013_cam1_2.jpg 12
surveillance_cameras_distance_2/cam_1/014_cam1_2.jpg 13
surveillance_cameras_distance_2/cam_1/015_cam1_2.jpg 14
surveillance_cameras_distance_2/cam_1/016_cam1_2.jpg 15
surveillance_cameras_distance_2/cam_1/017_cam1_2.jpg 16
surveillance_cameras_distance_2/cam_1/018_cam1_2.jpg 17
surveillance_cameras_distance_2/cam_1/019_cam1_2.jpg 18
surveillance_cameras_distance_2/cam_1/020_cam1_2.jpg 19
surveillance_cameras_distance_2/cam_1/021_cam1_2.jpg 20
surveillance_cameras_distance_2/cam_1/022_cam1_2.jpg 21
surveillance_cameras_distance_2/cam_1/023_cam1_2.jpg 22
surveillance_cameras_distance_2/cam_1/024_cam1_2.jpg 23
surveillance_cameras_distance_2/cam_1/025_cam1_2.jpg 24
surveillance_cameras_distance_2/cam_1/026_cam1_2.jpg 25
surveillance_cameras_distance_2/cam_1/027_cam1_2.jpg 26
surveillance_cameras_distance_2/cam_1/028_cam1_2.jpg 27
surveillance_cameras_distance_2/cam_1/029_cam1_2.jpg 28
surveillance_cameras_distance_2/cam_1/030_cam1_2.jpg 29
surveillance_cameras_distance_2/cam_1/031_cam1_2.jpg 30
surveillance_cameras_distance_2/cam_1/032_cam1_2.jpg 31
surveillance_cameras_distance_2/cam_1/033_cam1_2.jpg 32
surveillance_cameras_distance_2/cam_1/034_cam1_2.jpg 33
surveillance_cameras_distance_2/cam_1/035_cam1_2.jpg 34
surveillance_cameras_distance_2/cam_1/036_cam1_2.jpg 35
surveillance_cameras_distance_2/cam_1/037_cam1_2.jpg 36
surveillance_cameras_distance_2/cam_1/038_cam1_2.jpg 37
surveillance_cameras_distance_2/cam_1/039_cam1_2.jpg 38
surveillance_cameras_distance_2/cam_1/040_cam1_2.jpg 39
surveillance_cameras_distance_2/cam_1/041_cam1_2.jpg 40
surveillance_cameras_distance_2/cam_1/042_cam1_2.jpg 41
surveillance_cameras_distance_2/cam_1/043_cam1_2.jpg 42
surveillance_cameras_distance_2/cam_2/001_cam2_2.jpg 0
surveillance_cameras_distance_2/cam_2/002_cam2_2.jpg 1
surveillance_cameras_distance_2/cam_2/003_cam2_2.jpg 2
surveillance_cameras_distance_2/cam_2/004_cam2_2.jpg 3
surveillance_cameras_distance_2/cam_2/005_cam2_2.jpg 4
surveillance_cameras_distance_2/cam_2/006_cam2_2.jpg 5
surveillance_cameras_distance_2/cam_2/007_cam2_2.jpg 6
surveillance_cameras_distance_2/cam_2/008_cam2_2.jpg 7
surveillance_cameras_distance_2/cam_2/009_cam2_2.jpg 8
surveillance_cameras_distance_2/cam_2/010_cam2_2.jpg 9
surveillance_cameras_distance_2/cam_2/011_cam2_2.jpg 10
surveillance_cameras_distance_2/cam_2/012_cam2_2.jpg 11
surveillance_cameras_distance_2/cam_2/013_cam2_2.jpg 12
surveillance_cameras_distance_2/cam_2/014_cam2_2.jpg 13
surveillance_cameras_distance_2/cam_2/015_cam2_2.jpg 14
surveillance_cameras_distance_2/cam_2/016_cam2_2.jpg 15
surveillance_cameras_distance_2/cam_2/017_cam2_2.jpg 16
surveillance_cameras_distance_2/cam_2/018_cam2_2.jpg 17
surveillance_cameras_distance_2/cam_2/019_cam2_2.jpg 18
surveillance_cameras_distance_2/cam_2/020_cam2_2.jpg 19
surveillance_cameras_distance_2/cam_2/021_cam2_2.jpg 20
surveillance_cameras_distance_2/cam_2/022_cam2_2.jpg 21
surveillance_cameras_distance_2/cam_2/023_cam2_2.jpg 22
surveillance_cameras_distance_2/cam_2/024_cam2_2.jpg 23
surveillance_cameras_distance_2/cam_2/025_cam2_2.jpg 24
surveillance_cameras_distance_2/cam_2/026_cam2_2.jpg 25
surveillance_cameras_distance_2/cam_2/027_cam2_2.jpg 26
surveillance_cameras_distance_2/cam_2/028_cam2_2.jpg 27
surveillance_cameras_distance_2/cam_2/029_cam2_2.jpg 28
surveillance_cameras_distance_2/cam_2/030_cam2_2.jpg 29
surveillance_cameras_distance_2/cam_2/031_cam2_2.jpg 30
surveillance_cameras_distance_2/cam_2/032_cam2_2.jpg 31
surveillance_cameras_distance_2/cam_2/033_cam2_2.jpg 32
surveillance_cameras_distance_2/cam_2/034_cam2_2.jpg 33
surveillance_cameras_distance_2/cam_2/035_cam2_2.jpg 34
surveillance_cameras_distance_2/cam_2/036_cam2_2.jpg 35
surveillance_cameras_distance_2/cam_2/037_cam2_2.jpg 36
surveillance_cameras_distance_2/cam_2/038_cam2_2.jpg 37
surveillance_cameras_distance_2/cam_2/039_cam2_2.jpg 38
surveillance_cameras_distance_2/cam_2/040_cam2_2.jpg 39
surveillance_cameras_distance_2/cam_2/041_cam2_2.jpg 40
surveillance_cameras_distance_2/cam_2/042_cam2_2.jpg 41
surveillance_cameras_distance_2/cam_2/043_cam2_2.jpg 42
surveillance_cameras_distance_2/cam_3/001_cam3_2.jpg 0
surveillance_cameras_distance_2/cam_3/002_cam3_2.jpg 1
surveillance_cameras_distance_2/cam_3/003_cam3_2.jpg 2
surveillance_cameras_distance_2/cam_3/004_cam3_2.jpg 3
surveillance_cameras_distance_2/cam_3/005_cam3_2.jpg 4
surveillance_cameras_distance_2/cam_3/006_cam3_2.jpg 5
surveillance_cameras_distance_2/cam_3/007_cam3_2.jpg 6
surveillance_cameras_distance_2/cam_3/008_cam3_2.jpg 7
surveillance_cameras_distance_2/cam_3/009_cam3_2.jpg 8
surveillance_cameras_distance_2/cam_3/010_cam3_2.jpg 9
surveillance_cameras_distance_2/cam_3/011_cam3_2.jpg 10
surveillance_cameras_distance_2/cam_3/012_cam3_2.jpg 11
surveillance_cameras_distance_2/cam_3/013_cam3_2.jpg 12
surveillance_cameras_distance_2/cam_3/014_cam3_2.jpg 13
surveillance_cameras_distance_2/cam_3/015_cam3_2.jpg 14
surveillance_cameras_distance_2/cam_3/016_cam3_2.jpg 15
surveillance_cameras_distance_2/cam_3/017_cam3_2.jpg 16
surveillance_cameras_distance_2/cam_3/018_cam3_2.jpg 17
surveillance_cameras_distance_2/cam_3/019_cam3_2.jpg 18
surveillance_cameras_distance_2/cam_3/020_cam3_2.jpg 19
surveillance_cameras_distance_2/cam_3/021_cam3_2.jpg 20
surveillance_cameras_distance_2/cam_3/022_cam3_2.jpg 21
surveillance_cameras_distance_2/cam_3/023_cam3_2.jpg 22
surveillance_cameras_distance_2/cam_3/024_cam3_2.jpg 23
surveillance_cameras_distance_2/cam_3/025_cam3_2.jpg 24
surveillance_cameras_distance_2/cam_3/026_cam3_2.jpg 25
surveillance_cameras_distance_2/cam_3/027_cam3_2.jpg 26
surveillance_cameras_distance_2/cam_3/028_cam3_2.jpg 27
surveillance_cameras_distance_2/cam_3/029_cam3_2.jpg 28
surveillance_cameras_distance_2/cam_3/030_cam3_2.jpg 29
surveillance_cameras_distance_2/cam_3/031_cam3_2.jpg 30
surveillance_cameras_distance_2/cam_3/032_cam3_2.jpg 31
surveillance_cameras_distance_2/cam_3/033_cam3_2.jpg 32
surveillance_cameras_distance_2/cam_3/034_cam3_2.jpg 33
surveillance_cameras_distance_2/cam_3/035_cam3_2.jpg 34
surveillance_cameras_distance_2/cam_3/036_cam3_2.jpg 35
surveillance_cameras_distance_2/cam_3/037_cam3_2.jpg 36
surveillance_cameras_distance_2/cam_3/038_cam3_2.jpg 37
surveillance_cameras_distance_2/cam_3/039_cam3_2.jpg 38
surveillance_cameras_distance_2/cam_3/040_cam3_2.jpg 39
surveillance_cameras_distance_2/cam_3/041_cam3_2.jpg 40
surveillance_cameras_distance_2/cam_3/042_cam3_2.jpg 41
surveillance_cameras_distance_2/cam_3/043_cam3_2.jpg 42
surveillance_cameras_distance_2/cam_4/001_cam4_2.jpg 0
surveillance_cameras_distance_2/cam_4/002_cam4_2.jpg 1
surveillance_cameras_distance_2/cam_4/003_cam4_2.jpg 2
surveillance_cameras_distance_2/cam_4/004_cam4_2.jpg 3
surveillance_cameras_distance_2/cam_4/005_cam4_2.jpg 4
surveillance_cameras_distance_2/cam_4/006_cam4_2.jpg 5
surveillance_cameras_distance_2/cam_4/007_cam4_2.jpg 6
surveillance_cameras_distance_2/cam_4/008_cam4_2.jpg 7
surveillance_cameras_distance_2/cam_4/009_cam4_2.jpg 8
surveillance_cameras_distance_2/cam_4/010_cam4_2.jpg 9
surveillance_cameras_distance_2/cam_4/011_cam4_2.jpg 10
surveillance_cameras_distance_2/cam_4/012_cam4_2.jpg 11
surveillance_cameras_distance_2/cam_4/013_cam4_2.jpg 12
surveillance_cameras_distance_2/cam_4/014_cam4_2.jpg 13
surveillance_cameras_distance_2/cam_4/015_cam4_2.jpg 14
surveillance_cameras_distance_2/cam_4/016_cam4_2.jpg 15
surveillance_cameras_distance_2/cam_4/017_cam4_2.jpg 16
surveillance_cameras_distance_2/cam_4/018_cam4_2.jpg 17
surveillance_cameras_distance_2/cam_4/019_cam4_2.jpg 18
surveillance_cameras_distance_2/cam_4/020_cam4_2.jpg 19
surveillance_cameras_distance_2/cam_4/021_cam4_2.jpg 20
surveillance_cameras_distance_2/cam_4/022_cam4_2.jpg 21
surveillance_cameras_distance_2/cam_4/023_cam4_2.jpg 22
surveillance_cameras_distance_2/cam_4/024_cam4_2.jpg 23
surveillance_cameras_distance_2/cam_4/025_cam4_2.jpg 24
surveillance_cameras_distance_2/cam_4/026_cam4_2.jpg 25
surveillance_cameras_distance_2/cam_4/027_cam4_2.jpg 26
surveillance_cameras_distance_2/cam_4/028_cam4_2.jpg 27
surveillance_cameras_distance_2/cam_4/029_cam4_2.jpg 28
surveillance_cameras_distance_2/cam_4/030_cam4_2.jpg 29
surveillance_cameras_distance_2/cam_4/031_cam4_2.jpg 30
surveillance_cameras_distance_2/cam_4/032_cam4_2.jpg 31
surveillance_cameras_distance_2/cam_4/033_cam4_2.jpg 32
surveillance_cameras_distance_2/cam_4/034_cam4_2.jpg 33
surveillance_cameras_distance_2/cam_4/035_cam4_2.jpg 34
surveillance_cameras_distance_2/cam_4/036_cam4_2.jpg 35
surveillance_cameras_distance_2/cam_4/037_cam4_2.jpg 36
surveillance_cameras_distance_2/cam_4/038_cam4_2.jpg 37
surveillance_cameras_distance_2/cam_4/039_cam4_2.jpg 38
surveillance_cameras_distance_2/cam_4/040_cam4_2.jpg 39
surveillance_cameras_distance_2/cam_4/041_cam4_2.jpg 40
surveillance_cameras_distance_2/cam_4/042_cam4_2.jpg 41
surveillance_cameras_distance_2/cam_4/043_cam4_2.jpg 42
surveillance_cameras_distance_2/cam_5/001_cam5_2.jpg 0
surveillance_cameras_distance_2/cam_5/002_cam5_2.jpg 1
surveillance_cameras_distance_2/cam_5/003_cam5_2.jpg 2
surveillance_cameras_distance_2/cam_5/004_cam5_2.jpg 3
surveillance_cameras_distance_2/cam_5/005_cam5_2.jpg 4
surveillance_cameras_distance_2/cam_5/006_cam5_2.jpg 5
surveillance_cameras_distance_2/cam_5/007_cam5_2.jpg 6
surveillance_cameras_distance_2/cam_5/008_cam5_2.jpg 7
surveillance_cameras_distance_2/cam_5/009_cam5_2.jpg 8
surveillance_cameras_distance_2/cam_5/010_cam5_2.jpg 9
surveillance_cameras_distance_2/cam_5/011_cam5_2.jpg 10
surveillance_cameras_distance_2/cam_5/012_cam5_2.jpg 11
surveillance_cameras_distance_2/cam_5/013_cam5_2.jpg 12
surveillance_cameras_distance_2/cam_5/014_cam5_2.jpg 13
surveillance_cameras_distance_2/cam_5/015_cam5_2.jpg 14
surveillance_cameras_distance_2/cam_5/016_cam5_2.jpg 15
surveillance_cameras_distance_2/cam_5/017_cam5_2.jpg 16
surveillance_cameras_distance_2/cam_5/018_cam5_2.jpg 17
surveillance_cameras_distance_2/cam_5/019_cam5_2.jpg 18
surveillance_cameras_distance_2/cam_5/020_cam5_2.jpg 19
surveillance_cameras_distance_2/cam_5/021_cam5_2.jpg 20
surveillance_cameras_distance_2/cam_5/022_cam5_2.jpg 21
surveillance_cameras_distance_2/cam_5/023_cam5_2.jpg 22
surveillance_cameras_distance_2/cam_5/024_cam5_2.jpg 23
surveillance_cameras_distance_2/cam_5/025_cam5_2.jpg 24
surveillance_cameras_distance_2/cam_5/026_cam5_2.jpg 25
surveillance_cameras_distance_2/cam_5/027_cam5_2.jpg 26
surveillance_cameras_distance_2/cam_5/028_cam5_2.jpg 27
surveillance_cameras_distance_2/cam_5/029_cam5_2.jpg 28
surveillance_cameras_distance_2/cam_5/030_cam5_2.jpg 29
surveillance_cameras_distance_2/cam_5/031_cam5_2.jpg 30
surveillance_cameras_distance_2/cam_5/032_cam5_2.jpg 31
surveillance_cameras_distance_2/cam_5/033_cam5_2.jpg 32
surveillance_cameras_distance_2/cam_5/034_cam5_2.jpg 33
surveillance_cameras_distance_2/cam_5/035_cam5_2.jpg 34
surveillance_cameras_distance_2/cam_5/036_cam5_2.jpg 35
surveillance_cameras_distance_2/cam_5/037_cam5_2.jpg 36
surveillance_cameras_distance_2/cam_5/038_cam5_2.jpg 37
surveillance_cameras_distance_2/cam_5/039_cam5_2.jpg 38
surveillance_cameras_distance_2/cam_5/040_cam5_2.jpg 39
surveillance_cameras_distance_2/cam_5/041_cam5_2.jpg 40
surveillance_cameras_distance_2/cam_5/042_cam5_2.jpg 41
surveillance_cameras_distance_2/cam_5/043_cam5_2.jpg 42
surveillance_cameras_distance_3/cam_1/001_cam1_3.jpg 0
surveillance_cameras_distance_3/cam_1/002_cam1_3.jpg 1
surveillance_cameras_distance_3/cam_1/003_cam1_3.jpg 2
surveillance_cameras_distance_3/cam_1/004_cam1_3.jpg 3
surveillance_cameras_distance_3/cam_1/005_cam1_3.jpg 4
surveillance_cameras_distance_3/cam_1/006_cam1_3.jpg 5
surveillance_cameras_distance_3/cam_1/007_cam1_3.jpg 6
surveillance_cameras_distance_3/cam_1/008_cam1_3.jpg 7
surveillance_cameras_distance_3/cam_1/009_cam1_3.jpg 8
surveillance_cameras_distance_3/cam_1/010_cam1_3.jpg 9
surveillance_cameras_distance_3/cam_1/011_cam1_3.jpg 10
surveillance_cameras_distance_3/cam_1/012_cam1_3.jpg 11
surveillance_cameras_distance_3/cam_1/013_cam1_3.jpg 12
surveillance_cameras_distance_3/cam_1/014_cam1_3.jpg 13
surveillance_cameras_distance_3/cam_1/015_cam1_3.jpg 14
surveillance_cameras_distance_3/cam_1/016_cam1_3.jpg 15
surveillance_cameras_distance_3/cam_1/017_cam1_3.jpg 16
surveillance_cameras_distance_3/cam_1/018_cam1_3.jpg 17
surveillance_cameras_distance_3/cam_1/019_cam1_3.jpg 18
surveillance_cameras_distance_3/cam_1/020_cam1_3.jpg 19
surveillance_cameras_distance_3/cam_1/021_cam1_3.jpg 20
surveillance_cameras_distance_3/cam_1/022_cam1_3.jpg 21
surveillance_cameras_distance_3/cam_1/023_cam1_3.jpg 22
surveillance_cameras_distance_3/cam_1/024_cam1_3.jpg 23
surveillance_cameras_distance_3/cam_1/025_cam1_3.jpg 24
surveillance_cameras_distance_3/cam_1/026_cam1_3.jpg 25
surveillance_cameras_distance_3/cam_1/027_cam1_3.jpg 26
surveillance_cameras_distance_3/cam_1/028_cam1_3.jpg 27
surveillance_cameras_distance_3/cam_1/029_cam1_3.jpg 28
surveillance_cameras_distance_3/cam_1/030_cam1_3.jpg 29
surveillance_cameras_distance_3/cam_1/031_cam1_3.jpg 30
surveillance_cameras_distance_3/cam_1/032_cam1_3.jpg 31
surveillance_cameras_distance_3/cam_1/033_cam1_3.jpg 32
surveillance_cameras_distance_3/cam_1/034_cam1_3.jpg 33
surveillance_cameras_distance_3/cam_1/035_cam1_3.jpg 34
surveillance_cameras_distance_3/cam_1/036_cam1_3.jpg 35
surveillance_cameras_distance_3/cam_1/037_cam1_3.jpg 36
surveillance_cameras_distance_3/cam_1/038_cam1_3.jpg 37
surveillance_cameras_distance_3/cam_1/039_cam1_3.jpg 38
surveillance_cameras_distance_3/cam_1/040_cam1_3.jpg 39
surveillance_cameras_distance_3/cam_1/041_cam1_3.jpg 40
surveillance_cameras_distance_3/cam_1/042_cam1_3.jpg 41
surveillance_cameras_distance_3/cam_1/043_cam1_3.jpg 42
surveillance_cameras_distance_3/cam_2/001_cam2_3.jpg 0
surveillance_cameras_distance_3/cam_2/002_cam2_3.jpg 1
surveillance_cameras_distance_3/cam_2/003_cam2_3.jpg 2
surveillance_cameras_distance_3/cam_2/004_cam2_3.jpg 3
surveillance_cameras_distance_3/cam_2/005_cam2_3.jpg 4
surveillance_cameras_distance_3/cam_2/006_cam2_3.jpg 5
surveillance_cameras_distance_3/cam_2/007_cam2_3.jpg 6
surveillance_cameras_distance_3/cam_2/008_cam2_3.jpg 7
surveillance_cameras_distance_3/cam_2/009_cam2_3.jpg 8
surveillance_cameras_distance_3/cam_2/010_cam2_3.jpg 9
surveillance_cameras_distance_3/cam_2/011_cam2_3.jpg 10
surveillance_cameras_distance_3/cam_2/012_cam2_3.jpg 11
surveillance_cameras_distance_3/cam_2/013_cam2_3.jpg 12
surveillance_cameras_distance_3/cam_2/014_cam2_3.jpg 13
surveillance_cameras_distance_3/cam_2/015_cam2_3.jpg 14
surveillance_cameras_distance_3/cam_2/016_cam2_3.jpg 15
surveillance_cameras_distance_3/cam_2/017_cam2_3.jpg 16
surveillance_cameras_distance_3/cam_2/018_cam2_3.jpg 17
surveillance_cameras_distance_3/cam_2/019_cam2_3.jpg 18
surveillance_cameras_distance_3/cam_2/020_cam2_3.jpg 19
surveillance_cameras_distance_3/cam_2/021_cam2_3.jpg 20
surveillance_cameras_distance_3/cam_2/022_cam2_3.jpg 21
surveillance_cameras_distance_3/cam_2/023_cam2_3.jpg 22
surveillance_cameras_distance_3/cam_2/024_cam2_3.jpg 23
surveillance_cameras_distance_3/cam_2/025_cam2_3.jpg 24
surveillance_cameras_distance_3/cam_2/026_cam2_3.jpg 25
surveillance_cameras_distance_3/cam_2/027_cam2_3.jpg 26
surveillance_cameras_distance_3/cam_2/028_cam2_3.jpg 27
surveillance_cameras_distance_3/cam_2/029_cam2_3.jpg 28
surveillance_cameras_distance_3/cam_2/030_cam2_3.jpg 29
surveillance_cameras_distance_3/cam_2/031_cam2_3.jpg 30
surveillance_cameras_distance_3/cam_2/032_cam2_3.jpg 31
surveillance_cameras_distance_3/cam_2/033_cam2_3.jpg 32
surveillance_cameras_distance_3/cam_2/034_cam2_3.jpg 33
surveillance_cameras_distance_3/cam_2/035_cam2_3.jpg 34
surveillance_cameras_distance_3/cam_2/036_cam2_3.jpg 35
surveillance_cameras_distance_3/cam_2/037_cam2_3.jpg 36
surveillance_cameras_distance_3/cam_2/038_cam2_3.jpg 37
surveillance_cameras_distance_3/cam_2/039_cam2_3.jpg 38
surveillance_cameras_distance_3/cam_2/040_cam2_3.jpg 39
surveillance_cameras_distance_3/cam_2/041_cam2_3.jpg 40
surveillance_cameras_distance_3/cam_2/042_cam2_3.jpg 41
surveillance_cameras_distance_3/cam_2/043_cam2_3.jpg 42
surveillance_cameras_distance_3/cam_3/001_cam3_3.jpg 0
surveillance_cameras_distance_3/cam_3/002_cam3_3.jpg 1
surveillance_cameras_distance_3/cam_3/003_cam3_3.jpg 2
surveillance_cameras_distance_3/cam_3/004_cam3_3.jpg 3
surveillance_cameras_distance_3/cam_3/005_cam3_3.jpg 4
surveillance_cameras_distance_3/cam_3/006_cam3_3.jpg 5
surveillance_cameras_distance_3/cam_3/007_cam3_3.jpg 6
surveillance_cameras_distance_3/cam_3/008_cam3_3.jpg 7
surveillance_cameras_distance_3/cam_3/009_cam3_3.jpg 8
surveillance_cameras_distance_3/cam_3/010_cam3_3.jpg 9
surveillance_cameras_distance_3/cam_3/011_cam3_3.jpg 10
surveillance_cameras_distance_3/cam_3/012_cam3_3.jpg 11
surveillance_cameras_distance_3/cam_3/013_cam3_3.jpg 12
surveillance_cameras_distance_3/cam_3/014_cam3_3.jpg 13
surveillance_cameras_distance_3/cam_3/015_cam3_3.jpg 14
surveillance_cameras_distance_3/cam_3/016_cam3_3.jpg 15
surveillance_cameras_distance_3/cam_3/017_cam3_3.jpg 16
surveillance_cameras_distance_3/cam_3/018_cam3_3.jpg 17
surveillance_cameras_distance_3/cam_3/019_cam3_3.jpg 18
surveillance_cameras_distance_3/cam_3/020_cam3_3.jpg 19
surveillance_cameras_distance_3/cam_3/021_cam3_3.jpg 20
surveillance_cameras_distance_3/cam_3/022_cam3_3.jpg 21
surveillance_cameras_distance_3/cam_3/023_cam3_3.jpg 22
surveillance_cameras_distance_3/cam_3/024_cam3_3.jpg 23
surveillance_cameras_distance_3/cam_3/025_cam3_3.jpg 24
surveillance_cameras_distance_3/cam_3/026_cam3_3.jpg 25
surveillance_cameras_distance_3/cam_3/027_cam3_3.jpg 26
surveillance_cameras_distance_3/cam_3/028_cam3_3.jpg 27
surveillance_cameras_distance_3/cam_3/029_cam3_3.jpg 28
surveillance_cameras_distance_3/cam_3/030_cam3_3.jpg 29
surveillance_cameras_distance_3/cam_3/031_cam3_3.jpg 30
surveillance_cameras_distance_3/cam_3/032_cam3_3.jpg 31
surveillance_cameras_distance_3/cam_3/033_cam3_3.jpg 32
surveillance_cameras_distance_3/cam_3/034_cam3_3.jpg 33
surveillance_cameras_distance_3/cam_3/035_cam3_3.jpg 34
surveillance_cameras_distance_3/cam_3/036_cam3_3.jpg 35
surveillance_cameras_distance_3/cam_3/037_cam3_3.jpg 36
surveillance_cameras_distance_3/cam_3/038_cam3_3.jpg 37
surveillance_cameras_distance_3/cam_3/039_cam3_3.jpg 38
surveillance_cameras_distance_3/cam_3/040_cam3_3.jpg 39
surveillance_cameras_distance_3/cam_3/041_cam3_3.jpg 40
surveillance_cameras_distance_3/cam_3/042_cam3_3.jpg 41
surveillance_cameras_distance_3/cam_3/043_cam3_3.jpg 42
surveillance_cameras_distance_3/cam_4/001_cam4_3.jpg 0
surveillance_cameras_distance_3/cam_4/002_cam4_3.jpg 1
surveillance_cameras_distance_3/cam_4/003_cam4_3.jpg 2
surveillance_cameras_distance_3/cam_4/004_cam4_3.jpg 3
surveillance_cameras_distance_3/cam_4/005_cam4_3.jpg 4
surveillance_cameras_distance_3/cam_4/006_cam4_3.jpg 5
surveillance_cameras_distance_3/cam_4/007_cam4_3.jpg 6
surveillance_cameras_distance_3/cam_4/008_cam4_3.jpg 7
surveillance_cameras_distance_3/cam_4/009_cam4_3.jpg 8
surveillance_cameras_distance_3/cam_4/010_cam4_3.jpg 9
surveillance_cameras_distance_3/cam_4/011_cam4_3.jpg 10
surveillance_cameras_distance_3/cam_4/012_cam4_3.jpg 11
surveillance_cameras_distance_3/cam_4/013_cam4_3.jpg 12
surveillance_cameras_distance_3/cam_4/014_cam4_3.jpg 13
surveillance_cameras_distance_3/cam_4/015_cam4_3.jpg 14
surveillance_cameras_distance_3/cam_4/016_cam4_3.jpg 15
surveillance_cameras_distance_3/cam_4/017_cam4_3.jpg 16
surveillance_cameras_distance_3/cam_4/018_cam4_3.jpg 17
surveillance_cameras_distance_3/cam_4/019_cam4_3.jpg 18
surveillance_cameras_distance_3/cam_4/020_cam4_3.jpg 19
surveillance_cameras_distance_3/cam_4/021_cam4_3.jpg 20
surveillance_cameras_distance_3/cam_4/022_cam4_3.jpg 21
surveillance_cameras_distance_3/cam_4/023_cam4_3.jpg 22
surveillance_cameras_distance_3/cam_4/024_cam4_3.jpg 23
surveillance_cameras_distance_3/cam_4/025_cam4_3.jpg 24
surveillance_cameras_distance_3/cam_4/026_cam4_3.jpg 25
surveillance_cameras_distance_3/cam_4/027_cam4_3.jpg 26
surveillance_cameras_distance_3/cam_4/028_cam4_3.jpg 27
surveillance_cameras_distance_3/cam_4/029_cam4_3.jpg 28
surveillance_cameras_distance_3/cam_4/030_cam4_3.jpg 29
surveillance_cameras_distance_3/cam_4/031_cam4_3.jpg 30
surveillance_cameras_distance_3/cam_4/032_cam4_3.jpg 31
surveillance_cameras_distance_3/cam_4/033_cam4_3.jpg 32
surveillance_cameras_distance_3/cam_4/034_cam4_3.jpg 33
surveillance_cameras_distance_3/cam_4/035_cam4_3.jpg 34
surveillance_cameras_distance_3/cam_4/036_cam4_3.jpg 35
surveillance_cameras_distance_3/cam_4/037_cam4_3.jpg 36
surveillance_cameras_distance_3/cam_4/038_cam4_3.jpg 37
surveillance_cameras_distance_3/cam_4/039_cam4_3.jpg 38
surveillance_cameras_distance_3/cam_4/040_cam4_3.jpg 39
surveillance_cameras_distance_3/cam_4/041_cam4_3.jpg 40
surveillance_cameras_distance_3/cam_4/042_cam4_3.jpg 41
surveillance_cameras_distance_3/cam_4/043_cam4_3.jpg 42
surveillance_cameras_distance_3/cam_5/001_cam5_3.jpg 0
surveillance_cameras_distance_3/cam_5/002_cam5_3.jpg 1
surveillance_cameras_distance_3/cam_5/003_cam5_3.jpg 2
surveillance_cameras_distance_3/cam_5/004_cam5_3.jpg 3
surveillance_cameras_distance_3/cam_5/005_cam5_3.jpg 4
surveillance_cameras_distance_3/cam_5/006_cam5_3.jpg 5
surveillance_cameras_distance_3/cam_5/007_cam5_3.jpg 6
surveillance_cameras_distance_3/cam_5/008_cam5_3.jpg 7
surveillance_cameras_distance_3/cam_5/009_cam5_3.jpg 8
surveillance_cameras_distance_3/cam_5/010_cam5_3.jpg 9
surveillance_cameras_distance_3/cam_5/011_cam5_3.jpg 10
surveillance_cameras_distance_3/cam_5/012_cam5_3.jpg 11
surveillance_cameras_distance_3/cam_5/013_cam5_3.jpg 12
surveillance_cameras_distance_3/cam_5/014_cam5_3.jpg 13
surveillance_cameras_distance_3/cam_5/015_cam5_3.jpg 14
surveillance_cameras_distance_3/cam_5/016_cam5_3.jpg 15
surveillance_cameras_distance_3/cam_5/017_cam5_3.jpg 16
surveillance_cameras_distance_3/cam_5/018_cam5_3.jpg 17
surveillance_cameras_distance_3/cam_5/019_cam5_3.jpg 18
surveillance_cameras_distance_3/cam_5/020_cam5_3.jpg 19
surveillance_cameras_distance_3/cam_5/021_cam5_3.jpg 20
surveillance_cameras_distance_3/cam_5/022_cam5_3.jpg 21
surveillance_cameras_distance_3/cam_5/023_cam5_3.jpg 22
surveillance_cameras_distance_3/cam_5/024_cam5_3.jpg 23
surveillance_cameras_distance_3/cam_5/025_cam5_3.jpg 24
surveillance_cameras_distance_3/cam_5/026_cam5_3.jpg 25
surveillance_cameras_distance_3/cam_5/027_cam5_3.jpg 26
surveillance_cameras_distance_3/cam_5/028_cam5_3.jpg 27
surveillance_cameras_distance_3/cam_5/029_cam5_3.jpg 28
surveillance_cameras_distance_3/cam_5/030_cam5_3.jpg 29
surveillance_cameras_distance_3/cam_5/031_cam5_3.jpg 30
surveillance_cameras_distance_3/cam_5/032_cam5_3.jpg 31
surveillance_cameras_distance_3/cam_5/033_cam5_3.jpg 32
surveillance_cameras_distance_3/cam_5/034_cam5_3.jpg 33
surveillance_cameras_distance_3/cam_5/035_cam5_3.jpg 34
surveillance_cameras_distance_3/cam_5/036_cam5_3.jpg 35
surveillance_cameras_distance_3/cam_5/037_cam5_3.jpg 36
surveillance_cameras_distance_3/cam_5/038_cam5_3.jpg 37
surveillance_cameras_distance_3/cam_5/039_cam5_3.jpg 38
surveillance_cameras_distance_3/cam_5/040_cam5_3.jpg 39
surveillance_cameras_distance_3/cam_5/041_cam5_3.jpg 40
surveillance_cameras_distance_3/cam_5/042_cam5_3.jpg 41
surveillance_cameras_distance_3/cam_5/043_cam5_3.jpg 42
not_aligned/surveillance_cameras_distance_1/cam_1/001_cam1_1.jpg 0
not_aligned/surveillance_cameras_distance_1/cam_1/002_cam1_1.jpg 1
not_aligned/surveillance_cameras_distance_1/cam_1/003_cam1_1.jpg 2
not_aligned/surveillance_cameras_distance_1/cam_1/004_cam1_1.jpg 3
not_aligned/surveillance_cameras_distance_1/cam_1/005_cam1_1.jpg 4
not_aligned/surveillance_cameras_distance_1/cam_1/006_cam1_1.jpg 5
not_aligned/surveillance_cameras_distance_1/cam_1/007_cam1_1.jpg 6
not_aligned/surveillance_cameras_distance_1/cam_1/008_cam1_1.jpg 7
not_aligned/surveillance_cameras_distance_1/cam_1/009_cam1_1.jpg 8
not_aligned/surveillance_cameras_distance_1/cam_1/010_cam1_1.jpg 9
not_aligned/surveillance_cameras_distance_1/cam_1/011_cam1_1.jpg 10
not_aligned/surveillance_cameras_distance_1/cam_1/012_cam1_1.jpg 11
not_aligned/surveillance_cameras_distance_1/cam_1/013_cam1_1.jpg 12
not_aligned/surveillance_cameras_distance_1/cam_1/014_cam1_1.jpg 13
not_aligned/surveillance_cameras_distance_1/cam_1/015_cam1_1.jpg 14
not_aligned/surveillance_cameras_distance_1/cam_1/016_cam1_1.jpg 15
not_aligned/surveillance_cameras_distance_1/cam_1/017_cam1_1.jpg 16
not_aligned/surveillance_cameras_distance_1/cam_1/018_cam1_1.jpg 17
not_aligned/surveillance_cameras_distance_1/cam_1/019_cam1_1.jpg 18
not_aligned/surveillance_cameras_distance_1/cam_1/020_cam1_1.jpg 19
not_aligned/surveillance_cameras_distance_1/cam_1/021_cam1_1.jpg 20
not_aligned/surveillance_cameras_distance_1/cam_1/022_cam1_1.jpg 21
not_aligned/surveillance_cameras_distance_1/cam_1/023_cam1_1.jpg 22
not_aligned/surveillance_cameras_distance_1/cam_1/024_cam1_1.jpg 23
not_aligned/surveillance_cameras_distance_1/cam_1/025_cam1_1.jpg 24
not_aligned/surveillance_cameras_distance_1/cam_1/026_cam1_1.jpg 25
not_aligned/surveillance_cameras_distance_1/cam_1/027_cam1_1.jpg 26
not_aligned/surveillance_cameras_distance_1/cam_1/028_cam1_1.jpg 27
not_aligned/surveillance_cameras_distance_1/cam_1/029_cam1_1.jpg 28
not_aligned/surveillance_cameras_distance_1/cam_1/030_cam1_1.jpg 29
not_aligned/surveillance_cameras_distance_1/cam_1/031_cam1_1.jpg 30
not_aligned/surveillance_cameras_distance_1/cam_1/032_cam1_1.jpg 31
not_aligned/surveillance_cameras_distance_1/cam_1/033_cam1_1.jpg 32
not_aligned/surveillance_cameras_distance_1/cam_1/034_cam1_1.jpg 33
not_aligned/surveillance_cameras_distance_1/cam_1/035_cam1_1.jpg 34
not_aligned/surveillance_cameras_distance_1/cam_1/036_cam1_1.jpg 35
not_aligned/surveillance_cameras_distance_1/cam_1/037_cam1_1.jpg 36
not_aligned/surveillance_cameras_distance_1/cam_1/038_cam1_1.jpg 37
not_aligned/surveillance_cameras_distance_1/cam_1/039_cam1_1.jpg 38
not_aligned/surveillance_cameras_distance_1/cam_1/040_cam1_1.jpg 39
not_aligned/surveillance_cameras_distance_1/cam_1/041_cam1_1.jpg 40
not_aligned/surveillance_cameras_distance_1/cam_1/042_cam1_1.jpg 41
not_aligned/surveillance_cameras_distance_1/cam_1/043_cam1_1.jpg 42
not_aligned/surveillance_cameras_distance_1/cam_2/001_cam2_1.jpg 0
not_aligned/surveillance_cameras_distance_1/cam_2/002_cam2_1.jpg 1
not_aligned/surveillance_cameras_distance_1/cam_2/003_cam2_1.jpg 2
not_aligned/surveillance_cameras_distance_1/cam_2/004_cam2_1.jpg 3
not_aligned/surveillance_cameras_distance_1/cam_2/005_cam2_1.jpg 4
not_aligned/surveillance_cameras_distance_1/cam_2/006_cam2_1.jpg 5
not_aligned/surveillance_cameras_distance_1/cam_2/007_cam2_1.jpg 6
not_aligned/surveillance_cameras_distance_1/cam_2/008_cam2_1.jpg 7
not_aligned/surveillance_cameras_distance_1/cam_2/009_cam2_1.jpg 8
not_aligned/surveillance_cameras_distance_1/cam_2/010_cam2_1.jpg 9
not_aligned/surveillance_cameras_distance_1/cam_2/011_cam2_1.jpg 10
not_aligned/surveillance_cameras_distance_1/cam_2/012_cam2_1.jpg 11
not_aligned/surveillance_cameras_distance_1/cam_2/013_cam2_1.jpg 12
not_aligned/surveillance_cameras_distance_1/cam_2/014_cam2_1.jpg 13
not_aligned/surveillance_cameras_distance_1/cam_2/015_cam2_1.jpg 14
not_aligned/surveillance_cameras_distance_1/cam_2/016_cam2_1.jpg 15
not_aligned/surveillance_cameras_distance_1/cam_2/017_cam2_1.jpg 16
not_aligned/surveillance_cameras_distance_1/cam_2/018_cam2_1.jpg 17
not_aligned/surveillance_cameras_distance_1/cam_2/019_cam2_1.jpg 18
not_aligned/surveillance_cameras_distance_1/cam_2/020_cam2_1.jpg 19
not_aligned/surveillance_cameras_distance_1/cam_2/021_cam2_1.jpg 20
not_aligned/surveillance_cameras_distance_1/cam_2/022_cam2_1.jpg 21
not_aligned/surveillance_cameras_distance_1/cam_2/023_cam2_1.jpg 22
not_aligned/surveillance_cameras_distance_1/cam_2/024_cam2_1.jpg 23
not_aligned/surveillance_cameras_distance_1/cam_2/025_cam2_1.jpg 24
not_aligned/surveillance_cameras_distance_1/cam_2/026_cam2_1.jpg 25
not_aligned/surveillance_cameras_distance_1/cam_2/027_cam2_1.jpg 26
not_aligned/surveillance_cameras_distance_1/cam_2/028_cam2_1.jpg 27
not_aligned/surveillance_cameras_distance_1/cam_2/029_cam2_1.jpg 28
not_aligned/surveillance_cameras_distance_1/cam_2/030_cam2_1.jpg 29
not_aligned/surveillance_cameras_distance_1/cam_2/031_cam2_1.jpg 30
not_aligned/surveillance_cameras_distance_1/cam_2/032_cam2_1.jpg 31
not_aligned/surveillance_cameras_distance_1/cam_2/033_cam2_1.jpg 32
not_aligned/surveillance_cameras_distance_1/cam_2/034_cam2_1.jpg 33
not_aligned/surveillance_cameras_distance_1/cam_2/035_cam2_1.jpg 34
not_aligned/surveillance_cameras_distance_1/cam_2/036_cam2_1.jpg 35
not_aligned/surveillance_cameras_distance_1/cam_2/037_cam2_1.jpg 36
not_aligned/surveillance_cameras_distance_1/cam_2/038_cam2_1.jpg 37
not_aligned/surveillance_cameras_distance_1/cam_2/039_cam2_1.jpg 38
not_aligned/surveillance_cameras_distance_1/cam_2/040_cam2_1.jpg 39
not_aligned/surveillance_cameras_distance_1/cam_2/041_cam2_1.jpg 40
not_aligned/surveillance_cameras_distance_1/cam_2/042_cam2_1.jpg 41
not_aligned/surveillance_cameras_distance_1/cam_2/043_cam2_1.jpg 42
not_aligned/surveillance_cameras_distance_1/cam_3/001_cam3_1.jpg 0
not_aligned/surveillance_cameras_distance_1/cam_3/002_cam3_1.jpg 1
not_aligned/surveillance_cameras_distance_1/cam_3/003_cam3_1.jpg 2
not_aligned/surveillance_cameras_distance_1/cam_3/004_cam3_1.jpg 3
not_aligned/surveillance_cameras_distance_1/cam_3/005_cam3_1.jpg 4
not_aligned/surveillance_cameras_distance_1/cam_3/006_cam3_1.jpg 5
not_aligned/surveillance_cameras_distance_1/cam_3/007_cam3_1.jpg 6
not_aligned/surveillance_cameras_distance_1/cam_3/008_cam3_1.jpg 7
not_aligned/surveillance_cameras_distance_1/cam_3/009_cam3_1.jpg 8
not_aligned/surveillance_cameras_distance_1/cam_3/010_cam3_1.jpg 9
not_aligned/surveillance_cameras_distance_1/cam_3/011_cam3_1.jpg 10
not_aligned/surveillance_cameras_distance_1/cam_3/012_cam3_1.jpg 11
not_aligned/surveillance_cameras_distance_1/cam_3/013_cam3_1.jpg 12
not_aligned/surveillance_cameras_distance_1/cam_3/014_cam3_1.jpg 13
not_aligned/surveillance_cameras_distance_1/cam_3/015_cam3_1.jpg 14
not_aligned/surveillance_cameras_distance_1/cam_3/016_cam3_1.jpg 15
not_aligned/surveillance_cameras_distance_1/cam_3/017_cam3_1.jpg 16
not_aligned/surveillance_cameras_distance_1/cam_3/018_cam3_1.jpg 17
not_aligned/surveillance_cameras_distance_1/cam_3/019_cam3_1.jpg 18
not_aligned/surveillance_cameras_distance_1/cam_3/020_cam3_1.jpg 19
not_aligned/surveillance_cameras_distance_1/cam_3/021_cam3_1.jpg 20
not_aligned/surveillance_cameras_distance_1/cam_3/022_cam3_1.jpg 21
not_aligned/surveillance_cameras_distance_1/cam_3/023_cam3_1.jpg 22
not_aligned/surveillance_cameras_distance_1/cam_3/024_cam3_1.jpg 23
not_aligned/surveillance_cameras_distance_1/cam_3/025_cam3_1.jpg 24
not_aligned/surveillance_cameras_distance_1/cam_3/026_cam3_1.jpg 25
not_aligned/surveillance_cameras_distance_1/cam_3/027_cam3_1.jpg 26
not_aligned/surveillance_cameras_distance_1/cam_3/028_cam3_1.jpg 27
not_aligned/surveillance_cameras_distance_1/cam_3/029_cam3_1.jpg 28
not_aligned/surveillance_cameras_distance_1/cam_3/030_cam3_1.jpg 29
not_aligned/surveillance_cameras_distance_1/cam_3/031_cam3_1.jpg 30
not_aligned/surveillance_cameras_distance_1/cam_3/032_cam3_1.jpg 31
not_aligned/surveillance_cameras_distance_1/cam_3/033_cam3_1.jpg 32
not_aligned/surveillance_cameras_distance_1/cam_3/034_cam3_1.jpg 33
not_aligned/surveillance_cameras_distance_1/cam_3/035_cam3_1.jpg 34
not_aligned/surveillance_cameras_distance_1/cam_3/036_cam3_1.jpg 35
not_aligned/surveillance_cameras_distance_1/cam_3/037_cam3_1.jpg 36
not_aligned/surveillance_cameras_distance_1/cam_3/038_cam3_1.jpg 37
not_aligned/surveillance_cameras_distance_1/cam_3/039_cam3_1.jpg 38
not_aligned/surveillance_cameras_distance_1/cam_3/040_cam3_1.jpg 39
not_aligned/surveillance_cameras_distance_1/cam_3/041_cam3_1.jpg 40
not_aligned/surveillance_cameras_distance_1/cam_3/042_cam3_1.jpg 41
not_aligned/surveillance_cameras_distance_1/cam_3/043_cam3_1.jpg 42
not_aligned/surveillance_cameras_distance_1/cam_4/001_cam4_1.jpg 0
not_aligned/surveillance_cameras_distance_1/cam_4/002_cam4_1.jpg 1
not_aligned/surveillance_cameras_distance_1/cam_4/003_cam4_1.jpg 2
not_aligned/surveillance_cameras_distance_1/cam_4/004_cam4_1.jpg 3
not_aligned/surveillance_cameras_distance_1/cam_4/005_cam4_1.jpg 4
not_aligned/surveillance_cameras_distance_1/cam_4/006_cam4_1.jpg 5
not_aligned/surveillance_cameras_distance_1/cam_4/007_cam4_1.jpg 6
not_aligned/surveillance_cameras_distance_1/cam_4/008_cam4_1.jpg 7
not_aligned/surveillance_cameras_distance_1/cam_4/009_cam4_1.jpg 8
not_aligned/surveillance_cameras_distance_1/cam_4/010_cam4_1.jpg 9
not_aligned/surveillance_cameras_distance_1/cam_4/011_cam4_1.jpg 10
not_aligned/surveillance_cameras_distance_1/cam_4/012_cam4_1.jpg 11
not_aligned/surveillance_cameras_distance_1/cam_4/013_cam4_1.jpg 12
not_aligned/surveillance_cameras_distance_1/cam_4/014_cam4_1.jpg 13
not_aligned/surveillance_cameras_distance_1/cam_4/015_cam4_1.jpg 14
not_aligned/surveillance_cameras_distance_1/cam_4/016_cam4_1.jpg 15
not_aligned/surveillance_cameras_distance_1/cam_4/017_cam4_1.jpg 16
not_aligned/surveillance_cameras_distance_1/cam_4/018_cam4_1.jpg 17
not_aligned/surveillance_cameras_distance_1/cam_4/019_cam4_1.jpg 18
not_aligned/surveillance_cameras_distance_1/cam_4/020_cam4_1.jpg 19
not_aligned/surveillance_cameras_distance_1/cam_4/021_cam4_1.jpg 20
not_aligned/surveillance_cameras_distance_1/cam_4/022_cam4_1.jpg 21
not_aligned/surveillance_cameras_distance_1/cam_4/023_cam4_1.jpg 22
not_aligned/surveillance_cameras_distance_1/cam_4/024_cam4_1.jpg 23
not_aligned/surveillance_cameras_distance_1/cam_4/025_cam4_1.jpg 24
not_aligned/surveillance_cameras_distance_1/cam_4/026_cam4_1.jpg 25
not_aligned/surveillance_cameras_distance_1/cam_4/027_cam4_1.jpg 26
not_aligned/surveillance_cameras_distance_1/cam_4/028_cam4_1.jpg 27
not_aligned/surveillance_cameras_distance_1/cam_4/029_cam4_1.jpg 28
not_aligned/surveillance_cameras_distance_1/cam_4/030_cam4_1.jpg 29
not_aligned/surveillance_cameras_distance_1/cam_4/031_cam4_1.jpg 30
not_aligned/surveillance_cameras_distance_1/cam_4/032_cam4_1.jpg 31
not_aligned/surveillance_cameras_distance_1/cam_4/033_cam4_1.jpg 32
not_aligned/surveillance_cameras_distance_1/cam_4/034_cam4_1.jpg 33
not_aligned/surveillance_cameras_distance_1/cam_4/035_cam4_1.jpg 34
not_aligned/surveillance_cameras_distance_1/cam_4/036_cam4_1.jpg 35
not_aligned/surveillance_cameras_distance_1/cam_4/037_cam4_1.jpg 36
not_aligned/surveillance_cameras_distance_1/cam_4/038_cam4_1.jpg 37
not_aligned/surveillance_cameras_distance_1/cam_4/039_cam4_1.jpg 38
not_aligned/surveillance_cameras_distance_1/cam_4/040_cam4_1.jpg 39
not_aligned/surveillance_cameras_distance_1/cam_4/041_cam4_1.jpg 40
not_aligned/surveillance_cameras_distance_1/cam_4/042_cam4_1.jpg 41
not_aligned/surveillance_cameras_distance_1/cam_4/043_cam4_1.jpg 42
not_aligned/surveillance_cameras_distance_1/cam_5/001_cam5_1.jpg 0
not_aligned/surveillance_cameras_distance_1/cam_5/002_cam5_1.jpg 1
not_aligned/surveillance_cameras_distance_1/cam_5/003_cam5_1.jpg 2
not_aligned/surveillance_cameras_distance_1/cam_5/004_cam5_1.jpg 3
not_aligned/surveillance_cameras_distance_1/cam_5/005_cam5_1.jpg 4
not_aligned/surveillance_cameras_distance_1/cam_5/006_cam5_1.jpg 5
not_aligned/surveillance_cameras_distance_1/cam_5/007_cam5_1.jpg 6
not_aligned/surveillance_cameras_distance_1/cam_5/008_cam5_1.jpg 7
not_aligned/surveillance_cameras_distance_1/cam_5/009_cam5_1.jpg 8
not_aligned/surveillance_cameras_distance_1/cam_5/010_cam5_1.jpg 9
not_aligned/surveillance_cameras_distance_1/cam_5/011_cam5_1.jpg 10
not_aligned/surveillance_cameras_distance_1/cam_5/012_cam5_1.jpg 11
not_aligned/surveillance_cameras_distance_1/cam_5/013_cam5_1.jpg 12
not_aligned/surveillance_cameras_distance_1/cam_5/014_cam5_1.jpg 13
not_aligned/surveillance_cameras_distance_1/cam_5/015_cam5_1.jpg 14
not_aligned/surveillance_cameras_distance_1/cam_5/016_cam5_1.jpg 15
not_aligned/surveillance_cameras_distance_1/cam_5/017_cam5_1.jpg 16
not_aligned/surveillance_cameras_distance_1/cam_5/018_cam5_1.jpg 17
not_aligned/surveillance_cameras_distance_1/cam_5/019_cam5_1.jpg 18
not_aligned/surveillance_cameras_distance_1/cam_5/020_cam5_1.jpg 19
not_aligned/surveillance_cameras_distance_1/cam_5/021_cam5_1.jpg 20
not_aligned/surveillance_cameras_distance_1/cam_5/022_cam5_1.jpg 21
not_aligned/surveillance_cameras_distance_1/cam_5/023_cam5_1.jpg 22
not_aligned/surveillance_cameras_distance_1/cam_5/024_cam5_1.jpg 23
not_aligned/surveillance_cameras_distance_1/cam_5/025_cam5_1.jpg 24
not_aligned/surveillance_cameras_distance_1/cam_5/026_cam5_1.jpg 25
not_aligned/surveillance_cameras_distance_1/cam_5/027_cam5_1.jpg 26
not_aligned/surveillance_cameras_distance_1/cam_5/028_cam5_1.jpg 27
not_aligned/surveillance_cameras_distance_1/cam_5/029_cam5_1.jpg 28
not_aligned/surveillance_cameras_distance_1/cam_5/030_cam5_1.jpg 29
not_aligned/surveillance_cameras_distance_1/cam_5/031_cam5_1.jpg 30
not_aligned/surveillance_cameras_distance_1/cam_5/032_cam5_1.jpg 31
not_aligned/surveillance_cameras_distance_1/cam_5/033_cam5_1.jpg 32
not_aligned/surveillance_cameras_distance_1/cam_5/034_cam5_1.jpg 33
not_aligned/surveillance_cameras_distance_1/cam_5/035_cam5_1.jpg 34
not_aligned/surveillance_cameras_distance_1/cam_5/036_cam5_1.jpg 35
not_aligned/surveillance_cameras_distance_1/cam_5/037_cam5_1.jpg 36
not_aligned/surveillance_cameras_distance_1/cam_5/038_cam5_1.jpg 37
not_aligned/surveillance_cameras_distance_1/cam_5/039_cam5_1.jpg 38
not_aligned/surveillance_cameras_distance_1/cam_5/040_cam5_1.jpg 39
not_aligned/surveillance_cameras_distance_1/cam_5/041_cam5_1.jpg 40
not_aligned/surveillance_cameras_distance_1/cam_5/042_cam5_1.jpg 41
not_aligned/surveillance_cameras_distance_1/cam_5/043_cam5_1.jpg 42
not_aligned/surveillance_cameras_distance_2/cam_1/001_cam1_2.jpg 0
not_aligned/surveillance_cameras_distance_2/cam_1/002_cam1_2.jpg 1
not_aligned/surveillance_cameras_distance_2/cam_1/003_cam1_2.jpg 2
not_aligned/surveillance_cameras_distance_2/cam_1/004_cam1_2.jpg 3
not_aligned/surveillance_cameras_distance_2/cam_1/005_cam1_2.jpg 4
not_aligned/surveillance_cameras_distance_2/cam_1/006_cam1_2.jpg 5
not_aligned/surveillance_cameras_distance_2/cam_1/007_cam1_2.jpg 6
not_aligned/surveillance_cameras_distance_2/cam_1/008_cam1_2.jpg 7
not_aligned/surveillance_cameras_distance_2/cam_1/009_cam1_2.jpg 8
not_aligned/surveillance_cameras_distance_2/cam_1/010_cam1_2.jpg 9
not_aligned/surveillance_cameras_distance_2/cam_1/011_cam1_2.jpg 10
not_aligned/surveillance_cameras_distance_2/cam_1/012_cam1_2.jpg 11
not_aligned/surveillance_cameras_distance_2/cam_1/013_cam1_2.jpg 12
not_aligned/surveillance_cameras_distance_2/cam_1/014_cam1_2.jpg 13
not_aligned/surveillance_cameras_distance_2/cam_1/015_cam1_2.jpg 14
not_aligned/surveillance_cameras_distance_2/cam_1/016_cam1_2.jpg 15
not_aligned/surveillance_cameras_distance_2/cam_1/017_cam1_2.jpg 16
not_aligned/surveillance_cameras_distance_2/cam_1/018_cam1_2.jpg 17
not_aligned/surveillance_cameras_distance_2/cam_1/019_cam1_2.jpg 18
not_aligned/surveillance_cameras_distance_2/cam_1/020_cam1_2.jpg 19
not_aligned/surveillance_cameras_distance_2/cam_1/021_cam1_2.jpg 20
not_aligned/surveillance_cameras_distance_2/cam_1/022_cam1_2.jpg 21
not_aligned/surveillance_cameras_distance_2/cam_1/023_cam1_2.jpg 22
not_aligned/surveillance_cameras_distance_2/cam_1/024_cam1_2.jpg 23
not_aligned/surveillance_cameras_distance_2/cam_1/025_cam1_2.jpg 24
not_aligned/surveillance_cameras_distance_2/cam_1/026_cam1_2.jpg 25
not_aligned/surveillance_cameras_distance_2/cam_1/027_cam1_2.jpg 26
not_aligned/surveillance_cameras_distance_2/cam_1/028_cam1_2.jpg 27
not_aligned/surveillance_cameras_distance_2/cam_1/029_cam1_2.jpg 28
not_aligned/surveillance_cameras_distance_2/cam_1/030_cam1_2.jpg 29
not_aligned/surveillance_cameras_distance_2/cam_1/031_cam1_2.jpg 30
not_aligned/surveillance_cameras_distance_2/cam_1/032_cam1_2.jpg 31
not_aligned/surveillance_cameras_distance_2/cam_1/033_cam1_2.jpg 32
not_aligned/surveillance_cameras_distance_2/cam_1/034_cam1_2.jpg 33
not_aligned/surveillance_cameras_distance_2/cam_1/035_cam1_2.jpg 34
not_aligned/surveillance_cameras_distance_2/cam_1/036_cam1_2.jpg 35
not_aligned/surveillance_cameras_distance_2/cam_1/037_cam1_2.jpg 36
not_aligned/surveillance_cameras_distance_2/cam_1/038_cam1_2.jpg 37
not_aligned/surveillance_cameras_distance_2/cam_1/039_cam1_2.jpg 38
not_aligned/surveillance_cameras_distance_2/cam_1/040_cam1_2.jpg 39
not_aligned/surveillance_cameras_distance_2/cam_1/041_cam1_2.jpg 40
not_aligned/surveillance_cameras_distance_2/cam_1/042_cam1_2.jpg 41
not_aligned/surveillance_cameras_distance_2/cam_1/043_cam1_2.jpg 42
not_aligned/surveillance_cameras_distance_2/cam_2/001_cam2_2.jpg 0
not_aligned/surveillance_cameras_distance_2/cam_2/002_cam2_2.jpg 1
not_aligned/surveillance_cameras_distance_2/cam_2/003_cam2_2.jpg 2
not_aligned/surveillance_cameras_distance_2/cam_2/004_cam2_2.jpg 3
not_aligned/surveillance_cameras_distance_2/cam_2/005_cam2_2.jpg 4
not_aligned/surveillance_cameras_distance_2/cam_2/006_cam2_2.jpg 5
not_aligned/surveillance_cameras_distance_2/cam_2/007_cam2_2.jpg 6
not_aligned/surveillance_cameras_distance_2/cam_2/008_cam2_2.jpg 7
not_aligned/surveillance_cameras_distance_2/cam_2/009_cam2_2.jpg 8
not_aligned/surveillance_cameras_distance_2/cam_2/010_cam2_2.jpg 9
not_aligned/surveillance_cameras_distance_2/cam_2/011_cam2_2.jpg 10
not_aligned/surveillance_cameras_distance_2/cam_2/012_cam2_2.jpg 11
not_aligned/surveillance_cameras_distance_2/cam_2/013_cam2_2.jpg 12
not_aligned/surveillance_cameras_distance_2/cam_2/014_cam2_2.jpg 13
not_aligned/surveillance_cameras_distance_2/cam_2/015_cam2_2.jpg 14
not_aligned/surveillance_cameras_distance_2/cam_2/016_cam2_2.jpg 15
not_aligned/surveillance_cameras_distance_2/cam_2/017_cam2_2.jpg 16
not_aligned/surveillance_cameras_distance_2/cam_2/018_cam2_2.jpg 17
not_aligned/surveillance_cameras_distance_2/cam_2/019_cam2_2.jpg 18
not_aligned/surveillance_cameras_distance_2/cam_2/020_cam2_2.jpg 19
not_aligned/surveillance_cameras_distance_2/cam_2/021_cam2_2.jpg 20
not_aligned/surveillance_cameras_distance_2/cam_2/022_cam2_2.jpg 21
not_aligned/surveillance_cameras_distance_2/cam_2/023_cam2_2.jpg 22
not_aligned/surveillance_cameras_distance_2/cam_2/024_cam2_2.jpg 23
not_aligned/surveillance_cameras_distance_2/cam_2/025_cam2_2.jpg 24
not_aligned/surveillance_cameras_distance_2/cam_2/026_cam2_2.jpg 25
not_aligned/surveillance_cameras_distance_2/cam_2/027_cam2_2.jpg 26
not_aligned/surveillance_cameras_distance_2/cam_2/028_cam2_2.jpg 27
not_aligned/surveillance_cameras_distance_2/cam_2/029_cam2_2.jpg 28
not_aligned/surveillance_cameras_distance_2/cam_2/030_cam2_2.jpg 29
not_aligned/surveillance_cameras_distance_2/cam_2/031_cam2_2.jpg 30
not_aligned/surveillance_cameras_distance_2/cam_2/032_cam2_2.jpg 31
not_aligned/surveillance_cameras_distance_2/cam_2/033_cam2_2.jpg 32
not_aligned/surveillance_cameras_distance_2/cam_2/034_cam2_2.jpg 33
not_aligned/surveillance_cameras_distance_2/cam_2/035_cam2_2.jpg 34
not_aligned/surveillance_cameras_distance_2/cam_2/036_cam2_2.jpg 35
not_aligned/surveillance_cameras_distance_2/cam_2/037_cam2_2.jpg 36
not_aligned/surveillance_cameras_distance_2/cam_2/038_cam2_2.jpg 37
not_aligned/surveillance_cameras_distance_2/cam_2/039_cam2_2.jpg 38
not_aligned/surveillance_cameras_distance_2/cam_2/040_cam2_2.jpg 39
not_aligned/surveillance_cameras_distance_2/cam_2/041_cam2_2.jpg 40
not_aligned/surveillance_cameras_distance_2/cam_2/042_cam2_2.jpg 41
not_aligned/surveillance_cameras_distance_2/cam_2/043_cam2_2.jpg 42
not_aligned/surveillance_cameras_distance_2/cam_3/001_cam3_2.jpg 0
not_aligned/surveillance_cameras_distance_2/cam_3/002_cam3_2.jpg 1
not_aligned/surveillance_cameras_distance_2/cam_3/003_cam3_2.jpg 2
not_aligned/surveillance_cameras_distance_2/cam_3/004_cam3_2.jpg 3
not_aligned/surveillance_cameras_distance_2/cam_3/005_cam3_2.jpg 4
not_aligned/surveillance_cameras_distance_2/cam_3/006_cam3_2.jpg 5
not_aligned/surveillance_cameras_distance_2/cam_3/007_cam3_2.jpg 6
not_aligned/surveillance_cameras_distance_2/cam_3/008_cam3_2.jpg 7
not_aligned/surveillance_cameras_distance_2/cam_3/009_cam3_2.jpg 8
not_aligned/surveillance_cameras_distance_2/cam_3/010_cam3_2.jpg 9
not_aligned/surveillance_cameras_distance_2/cam_3/011_cam3_2.jpg 10
not_aligned/surveillance_cameras_distance_2/cam_3/012_cam3_2.jpg 11
not_aligned/surveillance_cameras_distance_2/cam_3/013_cam3_2.jpg 12
not_aligned/surveillance_cameras_distance_2/cam_3/014_cam3_2.jpg 13
not_aligned/surveillance_cameras_distance_2/cam_3/015_cam3_2.jpg 14
not_aligned/surveillance_cameras_distance_2/cam_3/016_cam3_2.jpg 15
not_aligned/surveillance_cameras_distance_2/cam_3/017_cam3_2.jpg 16
not_aligned/surveillance_cameras_distance_2/cam_3/018_cam3_2.jpg 17
not_aligned/surveillance_cameras_distance_2/cam_3/019_cam3_2.jpg 18
not_aligned/surveillance_cameras_distance_2/cam_3/020_cam3_2.jpg 19
not_aligned/surveillance_cameras_distance_2/cam_3/021_cam3_2.jpg 20
not_aligned/surveillance_cameras_distance_2/cam_3/022_cam3_2.jpg 21
not_aligned/surveillance_cameras_distance_2/cam_3/023_cam3_2.jpg 22
not_aligned/surveillance_cameras_distance_2/cam_3/024_cam3_2.jpg 23
not_aligned/surveillance_cameras_distance_2/cam_3/025_cam3_2.jpg 24
not_aligned/surveillance_cameras_distance_2/cam_3/026_cam3_2.jpg 25
not_aligned/surveillance_cameras_distance_2/cam_3/027_cam3_2.jpg 26
not_aligned/surveillance_cameras_distance_2/cam_3/028_cam3_2.jpg 27
not_aligned/surveillance_cameras_distance_2/cam_3/029_cam3_2.jpg 28
not_aligned/surveillance_cameras_distance_2/cam_3/030_cam3_2.jpg 29
not_aligned/surveillance_cameras_distance_2/cam_3/031_cam3_2.jpg 30
not_aligned/surveillance_cameras_distance_2/cam_3/032_cam3_2.jpg 31
not_aligned/surveillance_cameras_distance_2/cam_3/033_cam3_2.jpg 32
not_aligned/surveillance_cameras_distance_2/cam_3/034_cam3_2.jpg 33
not_aligned/surveillance_cameras_distance_2/cam_3/035_cam3_2.jpg 34
not_aligned/surveillance_cameras_distance_2/cam_3/036_cam3_2.jpg 35
not_aligned/surveillance_cameras_distance_2/cam_3/037_cam3_2.jpg 36
not_aligned/surveillance_cameras_distance_2/cam_3/038_cam3_2.jpg 37
not_aligned/surveillance_cameras_distance_2/cam_3/039_cam3_2.jpg 38
not_aligned/surveillance_cameras_distance_2/cam_3/040_cam3_2.jpg 39
not_aligned/surveillance_cameras_distance_2/cam_3/041_cam3_2.jpg 40
not_aligned/surveillance_cameras_distance_2/cam_3/042_cam3_2.jpg 41
not_aligned/surveillance_cameras_distance_2/cam_3/043_cam3_2.jpg 42
not_aligned/surveillance_cameras_distance_2/cam_4/001_cam4_2.jpg 0
not_aligned/surveillance_cameras_distance_2/cam_4/002_cam4_2.jpg 1
not_aligned/surveillance_cameras_distance_2/cam_4/003_cam4_2.jpg 2
not_aligned/surveillance_cameras_distance_2/cam_4/004_cam4_2.jpg 3
not_aligned/surveillance_cameras_distance_2/cam_4/005_cam4_2.jpg 4
not_aligned/surveillance_cameras_distance_2/cam_4/006_cam4_2.jpg 5
not_aligned/surveillance_cameras_distance_2/cam_4/007_cam4_2.jpg 6
not_aligned/surveillance_cameras_distance_2/cam_4/008_cam4_2.jpg 7
not_aligned/surveillance_cameras_distance_2/cam_4/009_cam4_2.jpg 8
not_aligned/surveillance_cameras_distance_2/cam_4/010_cam4_2.jpg 9
not_aligned/surveillance_cameras_distance_2/cam_4/011_cam4_2.jpg 10
not_aligned/surveillance_cameras_distance_2/cam_4/012_cam4_2.jpg 11
not_aligned/surveillance_cameras_distance_2/cam_4/013_cam4_2.jpg 12
not_aligned/surveillance_cameras_distance_2/cam_4/014_cam4_2.jpg 13
not_aligned/surveillance_cameras_distance_2/cam_4/015_cam4_2.jpg 14
not_aligned/surveillance_cameras_distance_2/cam_4/016_cam4_2.jpg 15
not_aligned/surveillance_cameras_distance_2/cam_4/017_cam4_2.jpg 16
not_aligned/surveillance_cameras_distance_2/cam_4/018_cam4_2.jpg 17
not_aligned/surveillance_cameras_distance_2/cam_4/019_cam4_2.jpg 18
not_aligned/surveillance_cameras_distance_2/cam_4/020_cam4_2.jpg 19
not_aligned/surveillance_cameras_distance_2/cam_4/021_cam4_2.jpg 20
not_aligned/surveillance_cameras_distance_2/cam_4/022_cam4_2.jpg 21
not_aligned/surveillance_cameras_distance_2/cam_4/023_cam4_2.jpg 22
not_aligned/surveillance_cameras_distance_2/cam_4/024_cam4_2.jpg 23
not_aligned/surveillance_cameras_distance_2/cam_4/025_cam4_2.jpg 24
not_aligned/surveillance_cameras_distance_2/cam_4/026_cam4_2.jpg 25
not_aligned/surveillance_cameras_distance_2/cam_4/027_cam4_2.jpg 26
not_aligned/surveillance_cameras_distance_2/cam_4/028_cam4_2.jpg 27
not_aligned/surveillance_cameras_distance_2/cam_4/029_cam4_2.jpg 28
not_aligned/surveillance_cameras_distance_2/cam_4/030_cam4_2.jpg 29
not_aligned/surveillance_cameras_distance_2/cam_4/031_cam4_2.jpg 30
not_aligned/surveillance_cameras_distance_2/cam_4/032_cam4_2.jpg 31
not_aligned/surveillance_cameras_distance_2/cam_4/033_cam4_2.jpg 32
not_aligned/surveillance_cameras_distance_2/cam_4/034_cam4_2.jpg 33
not_aligned/surveillance_cameras_distance_2/cam_4/035_cam4_2.jpg 34
not_aligned/surveillance_cameras_distance_2/cam_4/036_cam4_2.jpg 35
not_aligned/surveillance_cameras_distance_2/cam_4/037_cam4_2.jpg 36
not_aligned/surveillance_cameras_distance_2/cam_4/038_cam4_2.jpg 37
not_aligned/surveillance_cameras_distance_2/cam_4/039_cam4_2.jpg 38
not_aligned/surveillance_cameras_distance_2/cam_4/040_cam4_2.jpg 39
not_aligned/surveillance_cameras_distance_2/cam_4/041_cam4_2.jpg 40
not_aligned/surveillance_cameras_distance_2/cam_4/042_cam4_2.jpg 41
not_aligned/surveillance_cameras_distance_2/cam_4/043_cam4_2.jpg 42
not_aligned/surveillance_cameras_distance_2/cam_5/001_cam5_2.jpg 0
not_aligned/surveillance_cameras_distance_2/cam_5/002_cam5_2.jpg 1
not_aligned/surveillance_cameras_distance_2/cam_5/003_cam5_2.jpg 2
not_aligned/surveillance_cameras_distance_2/cam_5/004_cam5_2.jpg 3
not_aligned/surveillance_cameras_distance_2/cam_5/005_cam5_2.jpg 4
not_aligned/surveillance_cameras_distance_2/cam_5/006_cam5_2.jpg 5
not_aligned/surveillance_cameras_distance_2/cam_5/007_cam5_2.jpg 6
not_aligned/surveillance_cameras_distance_2/cam_5/008_cam5_2.jpg 7
not_aligned/surveillance_cameras_distance_2/cam_5/009_cam5_2.jpg 8
not_aligned/surveillance_cameras_distance_2/cam_5/010_cam5_2.jpg 9
not_aligned/surveillance_cameras_distance_2/cam_5/011_cam5_2.jpg 10
not_aligned/surveillance_cameras_distance_2/cam_5/012_cam5_2.jpg 11
not_aligned/surveillance_cameras_distance_2/cam_5/013_cam5_2.jpg 12
not_aligned/surveillance_cameras_distance_2/cam_5/014_cam5_2.jpg 13
not_aligned/surveillance_cameras_distance_2/cam_5/015_cam5_2.jpg 14
not_aligned/surveillance_cameras_distance_2/cam_5/016_cam5_2.jpg 15
not_aligned/surveillance_cameras_distance_2/cam_5/017_cam5_2.jpg 16
not_aligned/surveillance_cameras_distance_2/cam_5/018_cam5_2.jpg 17
not_aligned/surveillance_cameras_distance_2/cam_5/019_cam5_2.jpg 18
not_aligned/surveillance_cameras_distance_2/cam_5/020_cam5_2.jpg 19
not_aligned/surveillance_cameras_distance_2/cam_5/021_cam5_2.jpg 20
not_aligned/surveillance_cameras_distance_2/cam_5/022_cam5_2.jpg 21
not_aligned/surveillance_cameras_distance_2/cam_5/023_cam5_2.jpg 22
not_aligned/surveillance_cameras_distance_2/cam_5/024_cam5_2.jpg 23
not_aligned/surveillance_cameras_distance_2/cam_5/025_cam5_2.jpg 24
not_aligned/surveillance_cameras_distance_2/cam_5/026_cam5_2.jpg 25
not_aligned/surveillance_cameras_distance_2/cam_5/027_cam5_2.jpg 26
not_aligned/surveillance_cameras_distance_2/cam_5/028_cam5_2.jpg 27
not_aligned/surveillance_cameras_distance_2/cam_5/029_cam5_2.jpg 28
not_aligned/surveillance_cameras_distance_2/cam_5/030_cam5_2.jpg 29
not_aligned/surveillance_cameras_distance_2/cam_5/031_cam5_2.jpg 30
not_aligned/surveillance_cameras_distance_2/cam_5/032_cam5_2.jpg 31
not_aligned/surveillance_cameras_distance_2/cam_5/033_cam5_2.jpg 32
not_aligned/surveillance_cameras_distance_2/cam_5/034_cam5_2.jpg 33
not_aligned/surveillance_cameras_distance_2/cam_5/035_cam5_2.jpg 34
not_aligned/surveillance_cameras_distance_2/cam_5/036_cam5_2.jpg 35
not_aligned/surveillance_cameras_distance_2/cam_5/037_cam5_2.jpg 36
not_aligned/surveillance_cameras_distance_2/cam_5/038_cam5_2.jpg 37
not_aligned/surveillance_cameras_distance_2/cam_5/039_cam5_2.jpg 38
not_aligned/surveillance_cameras_distance_2/cam_5/040_cam5_2.jpg 39
not_aligned/surveillance_cameras_distance_2/cam_5/041_cam5_2.jpg 40
not_aligned/surveillance_cameras_distance_2/cam_5/042_cam5_2.jpg 41
not_aligned/surveillance_cameras_distance_2/cam_5/043_cam5_2.jpg 42
not_aligned/surveillance_cameras_distance_3/cam_1/001_cam1_3.jpg 0
not_aligned/surveillance_cameras_distance_3/cam_1/002_cam1_3.jpg 1
not_aligned/surveillance_cameras_distance_3/cam_1/003_cam1_3.jpg 2
not_aligned/surveillance_cameras_distance_3/cam_1/004_cam1_3.jpg 3
not_aligned/surveillance_cameras_distance_3/cam_1/005_cam1_3.jpg 4
not_aligned/surveillance_cameras_distance_3/cam_1/006_cam1_3.jpg 5
not_aligned/surveillance_cameras_distance_3/cam_1/007_cam1_3.jpg 6
not_aligned/surveillance_cameras_distance_3/cam_1/008_cam1_3.jpg 7
not_aligned/surveillance_cameras_distance_3/cam_1/009_cam1_3.jpg 8
not_aligned/surveillance_cameras_distance_3/cam_1/010_cam1_3.jpg 9
not_aligned/surveillance_cameras_distance_3/cam_1/011_cam1_3.jpg 10
not_aligned/surveillance_cameras_distance_3/cam_1/012_cam1_3.jpg 11
not_aligned/surveillance_cameras_distance_3/cam_1/013_cam1_3.jpg 12
not_aligned/surveillance_cameras_distance_3/cam_1/014_cam1_3.jpg 13
not_aligned/surveillance_cameras_distance_3/cam_1/015_cam1_3.jpg 14
not_aligned/surveillance_cameras_distance_3/cam_1/016_cam1_3.jpg 15
not_aligned/surveillance_cameras_distance_3/cam_1/017_cam1_3.jpg 16
not_aligned/surveillance_cameras_distance_3/cam_1/018_cam1_3.jpg 17
not_aligned/surveillance_cameras_distance_3/cam_1/019_cam1_3.jpg 18
not_aligned/surveillance_cameras_distance_3/cam_1/020_cam1_3.jpg 19
not_aligned/surveillance_cameras_distance_3/cam_1/021_cam1_3.jpg 20
not_aligned/surveillance_cameras_distance_3/cam_1/022_cam1_3.jpg 21
not_aligned/surveillance_cameras_distance_3/cam_1/023_cam1_3.jpg 22
not_aligned/surveillance_cameras_distance_3/cam_1/024_cam1_3.jpg 23
not_aligned/surveillance_cameras_distance_3/cam_1/025_cam1_3.jpg 24
not_aligned/surveillance_cameras_distance_3/cam_1/026_cam1_3.jpg 25
not_aligned/surveillance_cameras_distance_3/cam_1/027_cam1_3.jpg 26
not_aligned/surveillance_cameras_distance_3/cam_1/028_cam1_3.jpg 27
not_aligned/surveillance_cameras_distance_3/cam_1/029_cam1_3.jpg 28
not_aligned/surveillance_cameras_distance_3/cam_1/030_cam1_3.jpg 29
not_aligned/surveillance_cameras_distance_3/cam_1/031_cam1_3.jpg 30
not_aligned/surveillance_cameras_distance_3/cam_1/032_cam1_3.jpg 31
not_aligned/surveillance_cameras_distance_3/cam_1/033_cam1_3.jpg 32
not_aligned/surveillance_cameras_distance_3/cam_1/034_cam1_3.jpg 33
not_aligned/surveillance_cameras_distance_3/cam_1/035_cam1_3.jpg 34
not_aligned/surveillance_cameras_distance_3/cam_1/036_cam1_3.jpg 35
not_aligned/surveillance_cameras_distance_3/cam_1/037_cam1_3.jpg 36
not_aligned/surveillance_cameras_distance_3/cam_1/038_cam1_3.jpg 37
not_aligned/surveillance_cameras_distance_3/cam_1/039_cam1_3.jpg 38
not_aligned/surveillance_cameras_distance_3/cam_1/040_cam1_3.jpg 39
not_aligned/surveillance_cameras_distance_3/cam_1/041_cam1_3.jpg 40
not_aligned/surveillance_cameras_distance_3/cam_1/042_cam1_3.jpg 41
not_aligned/surveillance_cameras_distance_3/cam_1/043_cam1_3.jpg 42
not_aligned/surveillance_cameras_distance_3/cam_2/001_cam2_3.jpg 0
not_aligned/surveillance_cameras_distance_3/cam_2/002_cam2_3.jpg 1
not_aligned/surveillance_cameras_distance_3/cam_2/003_cam2_3.jpg 2
not_aligned/surveillance_cameras_distance_3/cam_2/004_cam2_3.jpg 3
not_aligned/surveillance_cameras_distance_3/cam_2/005_cam2_3.jpg 4
not_aligned/surveillance_cameras_distance_3/cam_2/006_cam2_3.jpg 5
not_aligned/surveillance_cameras_distance_3/cam_2/007_cam2_3.jpg 6
not_aligned/surveillance_cameras_distance_3/cam_2/008_cam2_3.jpg 7
not_aligned/surveillance_cameras_distance_3/cam_2/009_cam2_3.jpg 8
not_aligned/surveillance_cameras_distance_3/cam_2/010_cam2_3.jpg 9
not_aligned/surveillance_cameras_distance_3/cam_2/011_cam2_3.jpg 10
not_aligned/surveillance_cameras_distance_3/cam_2/012_cam2_3.jpg 11
not_aligned/surveillance_cameras_distance_3/cam_2/013_cam2_3.jpg 12
not_aligned/surveillance_cameras_distance_3/cam_2/014_cam2_3.jpg 13
not_aligned/surveillance_cameras_distance_3/cam_2/015_cam2_3.jpg 14
not_aligned/surveillance_cameras_distance_3/cam_2/016_cam2_3.jpg 15
not_aligned/surveillance_cameras_distance_3/cam_2/017_cam2_3.jpg 16
not_aligned/surveillance_cameras_distance_3/cam_2/018_cam2_3.jpg 17
not_aligned/surveillance_cameras_distance_3/cam_2/019_cam2_3.jpg 18
not_aligned/surveillance_cameras_distance_3/cam_2/020_cam2_3.jpg 19
not_aligned/surveillance_cameras_distance_3/cam_2/021_cam2_3.jpg 20
not_aligned/surveillance_cameras_distance_3/cam_2/022_cam2_3.jpg 21
not_aligned/surveillance_cameras_distance_3/cam_2/023_cam2_3.jpg 22
not_aligned/surveillance_cameras_distance_3/cam_2/024_cam2_3.jpg 23
not_aligned/surveillance_cameras_distance_3/cam_2/025_cam2_3.jpg 24
not_aligned/surveillance_cameras_distance_3/cam_2/026_cam2_3.jpg 25
not_aligned/surveillance_cameras_distance_3/cam_2/027_cam2_3.jpg 26
not_aligned/surveillance_cameras_distance_3/cam_2/028_cam2_3.jpg 27
not_aligned/surveillance_cameras_distance_3/cam_2/029_cam2_3.jpg 28
not_aligned/surveillance_cameras_distance_3/cam_2/030_cam2_3.jpg 29
not_aligned/surveillance_cameras_distance_3/cam_2/031_cam2_3.jpg 30
not_aligned/surveillance_cameras_distance_3/cam_2/032_cam2_3.jpg 31
not_aligned/surveillance_cameras_distance_3/cam_2/033_cam2_3.jpg 32
not_aligned/surveillance_cameras_distance_3/cam_2/034_cam2_3.jpg 33
not_aligned/surveillance_cameras_distance_3/cam_2/035_cam2_3.jpg 34
not_aligned/surveillance_cameras_distance_3/cam_2/036_cam2_3.jpg 35
not_aligned/surveillance_cameras_distance_3/cam_2/037_cam2_3.jpg 36
not_aligned/surveillance_cameras_distance_3/cam_2/038_cam2_3.jpg 37
not_aligned/surveillance_cameras_distance_3/cam_2/039_cam2_3.jpg 38
not_aligned/surveillance_cameras_distance_3/cam_2/040_cam2_3.jpg 39
not_aligned/surveillance_cameras_distance_3/cam_2/041_cam2_3.jpg 40
not_aligned/surveillance_cameras_distance_3/cam_2/042_cam2_3.jpg 41
not_aligned/surveillance_cameras_distance_3/cam_2/043_cam2_3.jpg 42
not_aligned/surveillance_cameras_distance_3/cam_3/001_cam3_3.jpg 0
not_aligned/surveillance_cameras_distance_3/cam_3/002_cam3_3.jpg 1
not_aligned/surveillance_cameras_distance_3/cam_3/003_cam3_3.jpg 2
not_aligned/surveillance_cameras_distance_3/cam_3/004_cam3_3.jpg 3
not_aligned/surveillance_cameras_distance_3/cam_3/005_cam3_3.jpg 4
not_aligned/surveillance_cameras_distance_3/cam_3/006_cam3_3.jpg 5
not_aligned/surveillance_cameras_distance_3/cam_3/007_cam3_3.jpg 6
not_aligned/surveillance_cameras_distance_3/cam_3/008_cam3_3.jpg 7
not_aligned/surveillance_cameras_distance_3/cam_3/009_cam3_3.jpg 8
not_aligned/surveillance_cameras_distance_3/cam_3/010_cam3_3.jpg 9
not_aligned/surveillance_cameras_distance_3/cam_3/011_cam3_3.jpg 10
not_aligned/surveillance_cameras_distance_3/cam_3/012_cam3_3.jpg 11
not_aligned/surveillance_cameras_distance_3/cam_3/013_cam3_3.jpg 12
not_aligned/surveillance_cameras_distance_3/cam_3/014_cam3_3.jpg 13
not_aligned/surveillance_cameras_distance_3/cam_3/015_cam3_3.jpg 14
not_aligned/surveillance_cameras_distance_3/cam_3/016_cam3_3.jpg 15
not_aligned/surveillance_cameras_distance_3/cam_3/017_cam3_3.jpg 16
not_aligned/surveillance_cameras_distance_3/cam_3/018_cam3_3.jpg 17
not_aligned/surveillance_cameras_distance_3/cam_3/019_cam3_3.jpg 18
not_aligned/surveillance_cameras_distance_3/cam_3/020_cam3_3.jpg 19
not_aligned/surveillance_cameras_distance_3/cam_3/021_cam3_3.jpg 20
not_aligned/surveillance_cameras_distance_3/cam_3/022_cam3_3.jpg 21
not_aligned/surveillance_cameras_distance_3/cam_3/023_cam3_3.jpg 22
not_aligned/surveillance_cameras_distance_3/cam_3/024_cam3_3.jpg 23
not_aligned/surveillance_cameras_distance_3/cam_3/025_cam3_3.jpg 24
not_aligned/surveillance_cameras_distance_3/cam_3/026_cam3_3.jpg 25
not_aligned/surveillance_cameras_distance_3/cam_3/027_cam3_3.jpg 26
not_aligned/surveillance_cameras_distance_3/cam_3/028_cam3_3.jpg 27
not_aligned/surveillance_cameras_distance_3/cam_3/029_cam3_3.jpg 28
not_aligned/surveillance_cameras_distance_3/cam_3/030_cam3_3.jpg 29
not_aligned/surveillance_cameras_distance_3/cam_3/031_cam3_3.jpg 30
not_aligned/surveillance_cameras_distance_3/cam_3/032_cam3_3.jpg 31
not_aligned/surveillance_cameras_distance_3/cam_3/033_cam3_3.jpg 32
not_aligned/surveillance_cameras_distance_3/cam_3/034_cam3_3.jpg 33
not_aligned/surveillance_cameras_distance_3/cam_3/035_cam3_3.jpg 34
not_aligned/surveillance_cameras_distance_3/cam_3/036_cam3_3.jpg 35
not_aligned/surveillance_cameras_distance_3/cam_3/037_cam3_3.jpg 36
not_aligned/surveillance_cameras_distance_3/cam_3/038_cam3_3.jpg 37
not_aligned/surveillance_cameras_distance_3/cam_3/039_cam3_3.jpg 38
not_aligned/surveillance_cameras_distance_3/cam_3/040_cam3_3.jpg 39
not_aligned/surveillance_cameras_distance_3/cam_3/041_cam3_3.jpg 40
not_aligned/surveillance_cameras_distance_3/cam_3/042_cam3_3.jpg 41
not_aligned/surveillance_cameras_distance_3/cam_3/043_cam3_3.jpg 42
not_aligned/surveillance_cameras_distance_3/cam_4/001_cam4_3.jpg 0
not_aligned/surveillance_cameras_distance_3/cam_4/002_cam4_3.jpg 1
not_aligned/surveillance_cameras_distance_3/cam_4/003_cam4_3.jpg 2
not_aligned/surveillance_cameras_distance_3/cam_4/004_cam4_3.jpg 3
not_aligned/surveillance_cameras_distance_3/cam_4/005_cam4_3.jpg 4
not_aligned/surveillance_cameras_distance_3/cam_4/006_cam4_3.jpg 5
not_aligned/surveillance_cameras_distance_3/cam_4/007_cam4_3.jpg 6
not_aligned/surveillance_cameras_distance_3/cam_4/008_cam4_3.jpg 7
not_aligned/surveillance_cameras_distance_3/cam_4/009_cam4_3.jpg 8
not_aligned/surveillance_cameras_distance_3/cam_4/010_cam4_3.jpg 9
not_aligned/surveillance_cameras_distance_3/cam_4/011_cam4_3.jpg 10
not_aligned/surveillance_cameras_distance_3/cam_4/012_cam4_3.jpg 11
not_aligned/surveillance_cameras_distance_3/cam_4/013_cam4_3.jpg 12
not_aligned/surveillance_cameras_distance_3/cam_4/014_cam4_3.jpg 13
not_aligned/surveillance_cameras_distance_3/cam_4/015_cam4_3.jpg 14
not_aligned/surveillance_cameras_distance_3/cam_4/016_cam4_3.jpg 15
not_aligned/surveillance_cameras_distance_3/cam_4/017_cam4_3.jpg 16
not_aligned/surveillance_cameras_distance_3/cam_4/018_cam4_3.jpg 17
not_aligned/surveillance_cameras_distance_3/cam_4/019_cam4_3.jpg 18
not_aligned/surveillance_cameras_distance_3/cam_4/020_cam4_3.jpg 19
not_aligned/surveillance_cameras_distance_3/cam_4/021_cam4_3.jpg 20
not_aligned/surveillance_cameras_distance_3/cam_4/022_cam4_3.jpg 21
not_aligned/surveillance_cameras_distance_3/cam_4/023_cam4_3.jpg 22
not_aligned/surveillance_cameras_distance_3/cam_4/024_cam4_3.jpg 23
not_aligned/surveillance_cameras_distance_3/cam_4/025_cam4_3.jpg 24
not_aligned/surveillance_cameras_distance_3/cam_4/026_cam4_3.jpg 25
not_aligned/surveillance_cameras_distance_3/cam_4/027_cam4_3.jpg 26
not_aligned/surveillance_cameras_distance_3/cam_4/028_cam4_3.jpg 27
not_aligned/surveillance_cameras_distance_3/cam_4/029_cam4_3.jpg 28
not_aligned/surveillance_cameras_distance_3/cam_4/030_cam4_3.jpg 29
not_aligned/surveillance_cameras_distance_3/cam_4/031_cam4_3.jpg 30
not_aligned/surveillance_cameras_distance_3/cam_4/032_cam4_3.jpg 31
not_aligned/surveillance_cameras_distance_3/cam_4/033_cam4_3.jpg 32
not_aligned/surveillance_cameras_distance_3/cam_4/034_cam4_3.jpg 33
not_aligned/surveillance_cameras_distance_3/cam_4/035_cam4_3.jpg 34
not_aligned/surveillance_cameras_distance_3/cam_4/036_cam4_3.jpg 35
not_aligned/surveillance_cameras_distance_3/cam_4/037_cam4_3.jpg 36
not_aligned/surveillance_cameras_distance_3/cam_4/038_cam4_3.jpg 37
not_aligned/surveillance_cameras_distance_3/cam_4/039_cam4_3.jpg 38
not_aligned/surveillance_cameras_distance_3/cam_4/040_cam4_3.jpg 39
not_aligned/surveillance_cameras_distance_3/cam_4/041_cam4_3.jpg 40
not_aligned/surveillance_cameras_distance_3/cam_4/042_cam4_3.jpg 41
not_aligned/surveillance_cameras_distance_3/cam_4/043_cam4_3.jpg 42
not_aligned/surveillance_cameras_distance_3/cam_5/001_cam5_3.jpg 0
not_aligned/surveillance_cameras_distance_3/cam_5/002_cam5_3.jpg 1
not_aligned/surveillance_cameras_distance_3/cam_5/003_cam5_3.jpg 2
not_aligned/surveillance_cameras_distance_3/cam_5/004_cam5_3.jpg 3
not_aligned/surveillance_cameras_distance_3/cam_5/005_cam5_3.jpg 4
not_aligned/surveillance_cameras_distance_3/cam_5/006_cam5_3.jpg 5
not_aligned/surveillance_cameras_distance_3/cam_5/007_cam5_3.jpg 6
not_aligned/surveillance_cameras_distance_3/cam_5/008_cam5_3.jpg 7
not_aligned/surveillance_cameras_distance_3/cam_5/009_cam5_3.jpg 8
not_aligned/surveillance_cameras_distance_3/cam_5/010_cam5_3.jpg 9
not_aligned/surveillance_cameras_distance_3/cam_5/011_cam5_3.jpg 10
not_aligned/surveillance_cameras_distance_3/cam_5/012_cam5_3.jpg 11
not_aligned/surveillance_cameras_distance_3/cam_5/013_cam5_3.jpg 12
not_aligned/surveillance_cameras_distance_3/cam_5/014_cam5_3.jpg 13
not_aligned/surveillance_cameras_distance_3/cam_5/015_cam5_3.jpg 14
not_aligned/surveillance_cameras_distance_3/cam_5/016_cam5_3.jpg 15
not_aligned/surveillance_cameras_distance_3/cam_5/017_cam5_3.jpg 16
not_aligned/surveillance_cameras_distance_3/cam_5/018_cam5_3.jpg 17
not_aligned/surveillance_cameras_distance_3/cam_5/019_cam5_3.jpg 18
not_aligned/surveillance_cameras_distance_3/cam_5/020_cam5_3.jpg 19
not_aligned/surveillance_cameras_distance_3/cam_5/021_cam5_3.jpg 20
not_aligned/surveillance_cameras_distance_3/cam_5/022_cam5_3.jpg 21
not_aligned/surveillance_cameras_distance_3/cam_5/023_cam5_3.jpg 22
not_aligned/surveillance_cameras_distance_3/cam_5/024_cam5_3.jpg 23
not_aligned/surveillance_cameras_distance_3/cam_5/025_cam5_3.jpg 24
not_aligned/surveillance_cameras_distance_3/cam_5/026_cam5_3.jpg 25
not_aligned/surveillance_cameras_distance_3/cam_5/027_cam5_3.jpg 26
not_aligned/surveillance_cameras_distance_3/cam_5/028_cam5_3.jpg 27
not_aligned/surveillance_cameras_distance_3/cam_5/029_cam5_3.jpg 28
not_aligned/surveillance_cameras_distance_3/cam_5/030_cam5_3.jpg 29
not_aligned/surveillance_cameras_distance_3/cam_5/031_cam5_3.jpg 30
not_aligned/surveillance_cameras_distance_3/cam_5/032_cam5_3.jpg 31
not_aligned/surveillance_cameras_distance_3/cam_5/033_cam5_3.jpg 32
not_aligned/surveillance_cameras_distance_3/cam_5/034_cam5_3.jpg 33
not_aligned/surveillance_cameras_distance_3/cam_5/035_cam5_3.jpg 34
not_aligned/surveillance_cameras_distance_3/cam_5/036_cam5_3.jpg 35
not_aligned/surveillance_cameras_distance_3/cam_5/037_cam5_3.jpg 36
not_aligned/surveillance_cameras_distance_3/cam_5/038_cam5_3.jpg 37
not_aligned/surveillance_cameras_distance_3/cam_5/039_cam5_3.jpg 38
not_aligned/surveillance_cameras_distance_3/cam_5/040_cam5_3.jpg 39
not_aligned/surveillance_cameras_distance_3/cam_5/041_cam5_3.jpg 40
not_aligned/surveillance_cameras_distance_3/cam_5/042_cam5_3.jpg 41
not_aligned/surveillance_cameras_distance_3/cam_5/043_cam5_3.jpg 42
